Archive member included to satisfy reference by file (symbol)

c:/ciaa_software_1.1-win/tools/arm-none-eabi-gcc/bin/../lib/gcc/arm-none-eabi/8.2.1/thumb/v7e-m+fp/hard\libgcc.a(_aeabi_uldivmod.o)
                              out/lib/lpc_chip_43xx/src/i2s_18xx_43xx.o (__aeabi_uldivmod)
c:/ciaa_software_1.1-win/tools/arm-none-eabi-gcc/bin/../lib/gcc/arm-none-eabi/8.2.1/thumb/v7e-m+fp/hard\libgcc.a(_udivmoddi4.o)
                              c:/ciaa_software_1.1-win/tools/arm-none-eabi-gcc/bin/../lib/gcc/arm-none-eabi/8.2.1/thumb/v7e-m+fp/hard\libgcc.a(_aeabi_uldivmod.o) (__udivmoddi4)
c:/ciaa_software_1.1-win/tools/arm-none-eabi-gcc/bin/../lib/gcc/arm-none-eabi/8.2.1/thumb/v7e-m+fp/hard\libgcc.a(_dvmd_tls.o)
                              c:/ciaa_software_1.1-win/tools/arm-none-eabi-gcc/bin/../lib/gcc/arm-none-eabi/8.2.1/thumb/v7e-m+fp/hard\libgcc.a(_aeabi_uldivmod.o) (__aeabi_ldiv0)
c:/ciaa_software_1.1-win/tools/arm-none-eabi-gcc/bin/../lib/gcc/arm-none-eabi/8.2.1/../../../../arm-none-eabi/lib/thumb/v7e-m+fp/hard\libc_nano.a(lib_a-memcpy-stub.o)
                              out/lib/lpc_chip_43xx/src/ring_buffer.o (memcpy)
c:/ciaa_software_1.1-win/tools/arm-none-eabi-gcc/bin/../lib/gcc/arm-none-eabi/8.2.1/../../../../arm-none-eabi/lib/thumb/v7e-m+fp/hard\libc_nano.a(lib_a-memset.o)
                              out/lib/lpc_chip_43xx/src/clock_18xx_43xx.o (memset)

Allocating common symbols
Common symbol       size              file

SystemCoreClock     0x4               out/lib/lpc_chip_43xx/src/chip_18xx_43xx.o

Discarded input sections

 .group         0x00000000        0xc out/app/src/suma_c.o
 .group         0x00000000        0xc out/app/src/suma_c.o
 .group         0x00000000        0xc out/app/src/suma_c.o
 .group         0x00000000        0xc out/app/src/suma_c.o
 .group         0x00000000        0xc out/app/src/suma_c.o
 .group         0x00000000        0xc out/app/src/suma_c.o
 .group         0x00000000        0xc out/app/src/suma_c.o
 .text          0x00000000        0x0 out/app/src/suma_c.o
 .data          0x00000000        0x0 out/app/src/suma_c.o
 .bss           0x00000000        0x0 out/app/src/suma_c.o
 .group         0x00000000        0xc out/app/src/main.o
 .group         0x00000000        0xc out/app/src/main.o
 .group         0x00000000        0xc out/app/src/main.o
 .group         0x00000000        0xc out/app/src/main.o
 .group         0x00000000        0xc out/app/src/main.o
 .group         0x00000000        0xc out/app/src/main.o
 .group         0x00000000        0xc out/app/src/main.o
 .group         0x00000000        0xc out/app/src/main.o
 .group         0x00000000        0xc out/app/src/main.o
 .group         0x00000000        0xc out/app/src/main.o
 .group         0x00000000        0xc out/app/src/main.o
 .group         0x00000000        0xc out/app/src/main.o
 .group         0x00000000        0xc out/app/src/main.o
 .group         0x00000000        0xc out/app/src/main.o
 .group         0x00000000        0xc out/app/src/main.o
 .group         0x00000000        0xc out/app/src/main.o
 .group         0x00000000        0xc out/app/src/main.o
 .group         0x00000000        0xc out/app/src/main.o
 .group         0x00000000        0xc out/app/src/main.o
 .group         0x00000000        0xc out/app/src/main.o
 .group         0x00000000        0xc out/app/src/main.o
 .group         0x00000000        0xc out/app/src/main.o
 .group         0x00000000        0xc out/app/src/main.o
 .group         0x00000000        0xc out/app/src/main.o
 .group         0x00000000        0xc out/app/src/main.o
 .group         0x00000000        0xc out/app/src/main.o
 .group         0x00000000        0xc out/app/src/main.o
 .group         0x00000000        0xc out/app/src/main.o
 .group         0x00000000        0xc out/app/src/main.o
 .group         0x00000000        0xc out/app/src/main.o
 .group         0x00000000        0xc out/app/src/main.o
 .group         0x00000000        0xc out/app/src/main.o
 .group         0x00000000        0xc out/app/src/main.o
 .group         0x00000000        0xc out/app/src/main.o
 .group         0x00000000        0xc out/app/src/main.o
 .group         0x00000000        0xc out/app/src/main.o
 .group         0x00000000        0xc out/app/src/main.o
 .group         0x00000000        0xc out/app/src/main.o
 .group         0x00000000        0xc out/app/src/main.o
 .group         0x00000000        0xc out/app/src/main.o
 .group         0x00000000        0xc out/app/src/main.o
 .group         0x00000000        0xc out/app/src/main.o
 .group         0x00000000        0xc out/app/src/main.o
 .group         0x00000000        0xc out/app/src/main.o
 .group         0x00000000        0xc out/app/src/main.o
 .group         0x00000000        0xc out/app/src/main.o
 .group         0x00000000        0xc out/app/src/main.o
 .group         0x00000000        0xc out/app/src/main.o
 .group         0x00000000        0xc out/app/src/main.o
[...]
Memory Configuration

Name             Origin             Length             Attributes
MFlashA512       0x1a000000         0x00080000         xr
MFlashB512       0x1b000000         0x00080000         xr
RamLoc32         0x10000000         0x00008000         xrw
RamLoc40         0x10080000         0x0000a000         xrw
RamAHB32         0x20000000         0x00008000         xrw
RamAHB16         0x20008000         0x00004000         xrw
RamAHB_ETB16     0x2000c000         0x00004000         xrw
*default*        0x00000000         0xffffffff

Linker script and memory map

LOAD out/app/src/suma_c.o
LOAD out/app/src/main.o
LOAD out/lib/lpc_chip_43xx/src/adc_18xx_43xx.o
LOAD out/lib/lpc_chip_43xx/src/evrt_18xx_43xx.o
LOAD out/lib/lpc_chip_43xx/src/ccan_18xx_43xx.o
LOAD out/lib/lpc_chip_43xx/src/sysinit_18xx_43xx.o
LOAD out/lib/lpc_chip_43xx/src/sdmmc_18xx_43xx.o
LOAD out/lib/lpc_chip_43xx/src/fpu_init.o
LOAD out/lib/lpc_chip_43xx/src/chip_18xx_43xx.o
LOAD out/lib/lpc_chip_43xx/src/rtc_18xx_43xx.o
LOAD out/lib/lpc_chip_43xx/src/eeprom_18xx_43xx.o
LOAD out/lib/lpc_chip_43xx/src/pinint_18xx_43xx.o
LOAD out/lib/lpc_chip_43xx/src/i2cm_18xx_43xx.o
LOAD out/lib/lpc_chip_43xx/src/timer_18xx_43xx.o
LOAD out/lib/lpc_chip_43xx/src/sdio_18xx_43xx.o
LOAD out/lib/lpc_chip_43xx/src/i2s_18xx_43xx.o
LOAD out/lib/lpc_chip_43xx/src/aes_18xx_43xx.o
LOAD out/lib/lpc_chip_43xx/src/otp_18xx_43xx.o
LOAD out/lib/lpc_chip_43xx/src/emc_18xx_43xx.o
LOAD out/lib/lpc_chip_43xx/src/dac_18xx_43xx.o
LOAD out/lib/lpc_chip_43xx/src/gpiogroup_18xx_43xx.o
LOAD out/lib/lpc_chip_43xx/src/pmc_18xx_43xx.o
LOAD out/lib/lpc_chip_43xx/src/uart_18xx_43xx.o
LOAD out/lib/lpc_chip_43xx/src/ssp_18xx_43xx.o
LOAD out/lib/lpc_chip_43xx/src/enet_18xx_43xx.o
LOAD out/lib/lpc_chip_43xx/src/gpdma_18xx_43xx.o
LOAD out/lib/lpc_chip_43xx/src/gpio_18xx_43xx.o
LOAD out/lib/lpc_chip_43xx/src/spi_18xx_43xx.o
LOAD out/lib/lpc_chip_43xx/src/wwdt_18xx_43xx.o
LOAD out/lib/lpc_chip_43xx/src/iap_18xx_43xx.o
LOAD out/lib/lpc_chip_43xx/src/stopwatch_18xx_43xx.o
LOAD out/lib/lpc_chip_43xx/src/atimer_18xx_43xx.o
LOAD out/lib/lpc_chip_43xx/src/sct_pwm_18xx_43xx.o
LOAD out/lib/lpc_chip_43xx/src/clock_18xx_43xx.o
LOAD out/lib/lpc_chip_43xx/src/sdif_18xx_43xx.o
LOAD out/lib/lpc_chip_43xx/src/ring_buffer.o
LOAD out/lib/lpc_chip_43xx/src/lcd_18xx_43xx.o
LOAD out/lib/lpc_chip_43xx/src/i2c_18xx_43xx.o
LOAD out/lib/lpc_chip_43xx/src/ritimer_18xx_43xx.o
LOAD out/lib/lpc_chip_43xx/src/sct_18xx_43xx.o
LOAD out/lib/lpc_chip_43xx/src/hsadc_18xx_43xx.o
LOAD out/lib/lpc_board_ciaa_edu_4337/src/sysinit.o
LOAD out/lib/lpc_board_ciaa_edu_4337/src/system.o
LOAD out/lib/lpc_board_ciaa_edu_4337/src/crp.o
LOAD out/lib/lpc_board_ciaa_edu_4337/src/board_sysinit.o
LOAD out/lib/lpc_board_ciaa_edu_4337/src/cmsis_heper.o
LOAD out/lib/lpc_board_ciaa_edu_4337/src/cr_startup_lpc43xx.o
LOAD out/lib/lpc_board_ciaa_edu_4337/src/board.o
LOAD out/app/src/suma.o
START GROUP
LOAD c:/ciaa_software_1.1-win/tools/arm-none-eabi-gcc/bin/../lib/gcc/arm-none-eabi/8.2.1/thumb/v7e-m+fp/hard\libgcc.a
LOAD c:/ciaa_software_1.1-win/tools/arm-none-eabi-gcc/bin/../lib/gcc/arm-none-eabi/8.2.1/../../../../arm-none-eabi/lib/thumb/v7e-m+fp/hard\libc_nano.a
END GROUP
START GROUP
LOAD c:/ciaa_software_1.1-win/tools/arm-none-eabi-gcc/bin/../lib/gcc/arm-none-eabi/8.2.1/thumb/v7e-m+fp/hard\libgcc.a
LOAD c:/ciaa_software_1.1-win/tools/arm-none-eabi-gcc/bin/../lib/gcc/arm-none-eabi/8.2.1/../../../../arm-none-eabi/lib/thumb/v7e-m+fp/hard\libc_nano.a
END GROUP
START GROUP
LOAD c:/ciaa_software_1.1-win/tools/arm-none-eabi-gcc/bin/../lib/gcc/arm-none-eabi/8.2.1/thumb/v7e-m+fp/hard\libgcc.a
LOAD c:/ciaa_software_1.1-win/tools/arm-none-eabi-gcc/bin/../lib/gcc/arm-none-eabi/8.2.1/../../../../arm-none-eabi/lib/thumb/v7e-m+fp/hard\libc.a
LOAD c:/ciaa_software_1.1-win/tools/arm-none-eabi-gcc/bin/../lib/gcc/arm-none-eabi/8.2.1/../../../../arm-none-eabi/lib/thumb/v7e-m+fp/hard\libm.a
END GROUP
                0x1a080000                __top_MFlashA512 = 0x1a080000
                0x1b080000                __top_MFlashB512 = 0x1b080000
                0x10008000                __top_RamLoc32 = 0x10008000
                0x1008a000                __top_RamLoc40 = 0x1008a000
                0x20008000                __top_RamAHB32 = 0x20008000
                0x2000c000                __top_RamAHB16 = 0x2000c000
                0x20010000                __top_RamAHB_ETB16 = 0x20010000

.text_Flash2    0x1b000000        0x0
 FILL mask 0xff
 *(.text_Flash2*)
 *(.text_MFlashB512*)
 *(.text.$Flash2*)
 *(.text.$MFlashB512*)
 *(.rodata.$Flash2*)
 *(.rodata.$MFlashB512*)

.text           0x1a000000     0x11f8
 FILL mask 0xff
                0x1a000000                __vectors_start__ = ABSOLUTE (.)
 *(.isr_vector)
 .isr_vector    0x1a000000      0x114 out/lib/lpc_board_ciaa_edu_4337/src/cr_startup_lpc43xx.o
                0x1a000000                g_pfnVectors
                0x1a000114                . = ALIGN (0x4)
                0x1a000114                __section_table_start = .
                0x1a000114                __data_section_table = .
                0x1a000114        0x4 LONG 0x1a001200 LOADADDR (.data)
                0x1a000118        0x4 LONG 0x10000000 ADDR (.data)
                0x1a00011c        0x4 LONG 0x0 SIZEOF (.data)
                0x1a000120        0x4 LONG 0x1a001200 LOADADDR (.data_RAM2)
                0x1a000124        0x4 LONG 0x10080000 ADDR (.data_RAM2)
                0x1a000128        0x4 LONG 0x0 SIZEOF (.data_RAM2)
                0x1a00012c        0x4 LONG 0x1a001200 LOADADDR (.data_RAM3)
                0x1a000130        0x4 LONG 0x20000000 ADDR (.data_RAM3)
                0x1a000134        0x4 LONG 0x0 SIZEOF (.data_RAM3)
                0x1a000138        0x4 LONG 0x1a001200 LOADADDR (.data_RAM4)
                0x1a00013c        0x4 LONG 0x20008000 ADDR (.data_RAM4)
                0x1a000140        0x4 LONG 0x0 SIZEOF (.data_RAM4)
                0x1a000144        0x4 LONG 0x1a001200 LOADADDR (.data_RAM5)
                0x1a000148        0x4 LONG 0x2000c000 ADDR (.data_RAM5)
                0x1a00014c        0x4 LONG 0x0 SIZEOF (.data_RAM5)
                0x1a000150                __data_section_table_end = .
                0x1a000150                __bss_section_table = .
                0x1a000150        0x4 LONG 0x10000000 ADDR (.bss)
                0x1a000154        0x4 LONG 0xc SIZEOF (.bss)
                0x1a000158        0x4 LONG 0x10080000 ADDR (.bss_RAM2)
                0x1a00015c        0x4 LONG 0x0 SIZEOF (.bss_RAM2)
                0x1a000160        0x4 LONG 0x20000000 ADDR (.bss_RAM3)
                0x1a000164        0x4 LONG 0x0 SIZEOF (.bss_RAM3)
                0x1a000168        0x4 LONG 0x20008000 ADDR (.bss_RAM4)
                0x1a00016c        0x4 LONG 0x0 SIZEOF (.bss_RAM4)
                0x1a000170        0x4 LONG 0x2000c000 ADDR (.bss_RAM5)
                0x1a000174        0x4 LONG 0x0 SIZEOF (.bss_RAM5)
                0x1a000178                __bss_section_table_end = .
                0x1a000178                __section_table_end = .
 *(.after_vectors*)
 .after_vectors
                0x1a000178       0x44 out/lib/lpc_board_ciaa_edu_4337/src/cr_startup_lpc43xx.o
                0x1a000178                NMI_Handler
                0x1a00017a                HardFault_Handler
                0x1a00017c                MemManage_Handler
                0x1a00017e                BusFault_Handler
                0x1a000180                UsageFault_Handler
                0x1a000182                SVC_Handler
                0x1a000184                DebugMon_Handler
                0x1a000186                PendSV_Handler
                0x1a000188                SysTick_Handler
                0x1a00018a                ATIMER_IRQHandler
                0x1a00018a                SDIO_IRQHandler
                0x1a00018a                FLASH_EEPROM_IRQHandler
                0x1a00018a                I2C1_IRQHandler
                0x1a00018a                UART1_IRQHandler
                0x1a00018a                GPIO5_IRQHandler
                0x1a00018a                CAN1_IRQHandler
                0x1a00018a                USB1_IRQHandler
                0x1a00018a                I2S0_IRQHandler
                0x1a00018a                TIMER3_IRQHandler
                0x1a00018a                UART0_IRQHandler
                0x1a00018a                GINT1_IRQHandler
                0x1a00018a                SGPIO_IRQHandler
                0x1a00018a                ADCHS_IRQHandler
                0x1a00018a                RIT_IRQHandler
                0x1a00018a                GPIO6_IRQHandler
                0x1a00018a                IntDefaultHandler
                0x1a00018a                GPIO1_IRQHandler
                0x1a00018a                SSP0_IRQHandler
                0x1a00018a                ADC1_IRQHandler
                0x1a00018a                RTC_IRQHandler
                0x1a00018a                TIMER0_IRQHandler
                0x1a00018a                SPI_IRQHandler
                0x1a00018a                LCD_IRQHandler
                0x1a00018a                M0APP_IRQHandler
                0x1a00018a                TIMER1_IRQHandler
                0x1a00018a                UART2_IRQHandler
                0x1a00018a                GPIO2_IRQHandler
                0x1a00018a                I2S1_IRQHandler
                0x1a00018a                SSP1_IRQHandler
                0x1a00018a                USB0_IRQHandler
                0x1a00018a                GPIO3_IRQHandler
                0x1a00018a                SCT_IRQHandler
                0x1a00018a                I2C0_IRQHandler
                0x1a00018a                WDT_IRQHandler
                0x1a00018a                ADC0_IRQHandler
                0x1a00018a                GPIO7_IRQHandler
                0x1a00018a                SPIFI_IRQHandler
                0x1a00018a                QEI_IRQHandler
                0x1a00018a                ETH_IRQHandler
                0x1a00018a                CAN0_IRQHandler
                0x1a00018a                GINT0_IRQHandler
                0x1a00018a                DAC_IRQHandler
                0x1a00018a                M0SUB_IRQHandler
                0x1a00018a                GPIO0_IRQHandler
                0x1a00018a                DMA_IRQHandler
                0x1a00018a                EVRT_IRQHandler
                0x1a00018a                TIMER2_IRQHandler
                0x1a00018a                UART3_IRQHandler
                0x1a00018a                MCPWM_IRQHandler
                0x1a00018a                GPIO4_IRQHandler
                0x1a00018c                data_init
                0x1a0001aa                bss_init
                0x000002fc                . = 0x2fc
 *fill*         0x1a0001bc      0x140 ff
                0x1a0002fc                PROVIDE (__CRP_WORD_START__ = .)
 *(.crp)
 .crp           0x1a0002fc        0x4 out/lib/lpc_board_ciaa_edu_4337/src/crp.o
                0x1a0002fc                CRP_WORD
                0x1a000300                PROVIDE (__CRP_WORD_END__ = .)
                0x00000001                ASSERT (! ((__CRP_WORD_START__ == __CRP_WORD_END__)), Linker CRP Enabled, but no CRP_WORD provided within application)
 *(.text*)
 .text.CSum     0x1a000300        0x4 out/app/src/suma_c.o
                0x1a000300                CSum
 .text.initHardware
                0x1a000304        0xc out/app/src/main.o
 .text.main     0x1a000310       0x2e out/app/src/main.o
                0x1a000310                main
 *fill*         0x1a00033e        0x2 ff
 .text.Chip_SetupCoreClock
                0x1a000340      0x158 out/lib/lpc_chip_43xx/src/sysinit_18xx_43xx.o
                0x1a000340                Chip_SetupCoreClock
 .text.fpuInit  0x1a000498       0x54 out/lib/lpc_chip_43xx/src/fpu_init.o
                0x1a000498                fpuInit
 .text.SystemCoreClockUpdate
                0x1a0004ec       0x14 out/lib/lpc_chip_43xx/src/chip_18xx_43xx.o
                0x1a0004ec                SystemCoreClockUpdate
 .text.Chip_UART_GetIndex
                0x1a000500       0x2c out/lib/lpc_chip_43xx/src/uart_18xx_43xx.o
 .text.Chip_UART_Init
                0x1a00052c       0x54 out/lib/lpc_chip_43xx/src/uart_18xx_43xx.o
                0x1a00052c                Chip_UART_Init
 .text.Chip_UART_SetBaudFDR
                0x1a000580       0xdc out/lib/lpc_chip_43xx/src/uart_18xx_43xx.o
                0x1a000580                Chip_UART_SetBaudFDR
 .text.Chip_GPIO_Init
                0x1a00065c        0x2 out/lib/lpc_chip_43xx/src/gpio_18xx_43xx.o
                0x1a00065c                Chip_GPIO_Init
 *fill*         0x1a00065e        0x2 ff
 .text.pll_calc_divs
                0x1a000660       0xa0 out/lib/lpc_chip_43xx/src/clock_18xx_43xx.o
 .text.pll_get_frac
                0x1a000700      0x100 out/lib/lpc_chip_43xx/src/clock_18xx_43xx.o
 .text.Chip_Clock_FindBaseClock
                0x1a000800       0x4c out/lib/lpc_chip_43xx/src/clock_18xx_43xx.o
 .text.Chip_Clock_EnableCrystal
                0x1a00084c       0x4c out/lib/lpc_chip_43xx/src/clock_18xx_43xx.o
                0x1a00084c                Chip_Clock_EnableCrystal
 .text.Chip_Clock_GetDividerSource
                0x1a000898       0x1c out/lib/lpc_chip_43xx/src/clock_18xx_43xx.o
                0x1a000898                Chip_Clock_GetDividerSource
 .text.Chip_Clock_GetDividerDivisor
                0x1a0008b4       0x1c out/lib/lpc_chip_43xx/src/clock_18xx_43xx.o
                0x1a0008b4                Chip_Clock_GetDividerDivisor
 .text.Chip_Clock_GetClockInputHz
                0x1a0008d0       0xb8 out/lib/lpc_chip_43xx/src/clock_18xx_43xx.o
                0x1a0008d0                Chip_Clock_GetClockInputHz
 .text.Chip_Clock_CalcMainPLLValue
                0x1a000988       0x80 out/lib/lpc_chip_43xx/src/clock_18xx_43xx.o
                0x1a000988                Chip_Clock_CalcMainPLLValue
 .text.Chip_Clock_GetMainPLLHz
                0x1a000a08       0x6c out/lib/lpc_chip_43xx/src/clock_18xx_43xx.o
                0x1a000a08                Chip_Clock_GetMainPLLHz
 .text.Chip_Clock_GetDivRate
                0x1a000a74       0x22 out/lib/lpc_chip_43xx/src/clock_18xx_43xx.o
 *fill*         0x1a000a96        0x2 ff
 .text.Chip_Clock_SetBaseClock
                0x1a000a98       0x58 out/lib/lpc_chip_43xx/src/clock_18xx_43xx.o
                0x1a000a98                Chip_Clock_SetBaseClock
 .text.Chip_Clock_GetBaseClock
                0x1a000af0       0x26 out/lib/lpc_chip_43xx/src/clock_18xx_43xx.o
                0x1a000af0                Chip_Clock_GetBaseClock
 .text.Chip_Clock_GetBaseClocktHz
                0x1a000b16        0xc out/lib/lpc_chip_43xx/src/clock_18xx_43xx.o
                0x1a000b16                Chip_Clock_GetBaseClocktHz
 *fill*         0x1a000b22        0x2 ff
 .text.Chip_Clock_EnableOpts
                0x1a000b24       0x3c out/lib/lpc_chip_43xx/src/clock_18xx_43xx.o
                0x1a000b24                Chip_Clock_EnableOpts
 .text.Chip_Clock_GetRate
                0x1a000b60       0x4c out/lib/lpc_chip_43xx/src/clock_18xx_43xx.o
                0x1a000b60                Chip_Clock_GetRate
 .text.SystemInit
                0x1a000bac        0xc out/lib/lpc_board_ciaa_edu_4337/src/sysinit.o
                0x1a000bac                SystemInit
 .text.Board_SetupMuxing
                0x1a000bb8       0x38 out/lib/lpc_board_ciaa_edu_4337/src/board_sysinit.o
                0x1a000bb8                Board_SetupMuxing
 .text.Board_SetupClocking
                0x1a000bf0       0x6c out/lib/lpc_board_ciaa_edu_4337/src/board_sysinit.o
                0x1a000bf0                Board_SetupClocking
 .text.Board_SystemInit
                0x1a000c5c        0xc out/lib/lpc_board_ciaa_edu_4337/src/board_sysinit.o
                0x1a000c5c                Board_SystemInit
 .text.ResetISR
                0x1a000c68       0x7c out/lib/lpc_board_ciaa_edu_4337/src/cr_startup_lpc43xx.o
                0x1a000c68                ResetISR
 .text.Board_LED_Init
                0x1a000ce4       0x44 out/lib/lpc_board_ciaa_edu_4337/src/board.o
 .text.Board_UART_Init
                0x1a000d28       0x14 out/lib/lpc_board_ciaa_edu_4337/src/board.o
                0x1a000d28                Board_UART_Init
 .text.Board_Debug_Init
                0x1a000d3c       0x28 out/lib/lpc_board_ciaa_edu_4337/src/board.o
                0x1a000d3c                Board_Debug_Init
 .text.Board_Init
                0x1a000d64       0x28 out/lib/lpc_board_ciaa_edu_4337/src/board.o
                0x1a000d64                Board_Init
 .text          0x1a000d8c        0x6 out/app/src/suma.o
                0x1a000d8c                asmSum
 *fill*         0x1a000d92        0x2 ff
 .text          0x1a000d94       0x30 c:/ciaa_software_1.1-win/tools/arm-none-eabi-gcc/bin/../lib/gcc/arm-none-eabi/8.2.1/thumb/v7e-m+fp/hard\libgcc.a(_aeabi_uldivmod.o)
                0x1a000d94                __aeabi_uldivmod
 .text.__udivmoddi4
                0x1a000dc4      0x2d0 c:/ciaa_software_1.1-win/tools/arm-none-eabi-gcc/bin/../lib/gcc/arm-none-eabi/8.2.1/thumb/v7e-m+fp/hard\libgcc.a(_udivmoddi4.o)
                0x1a000dc4                __udivmoddi4
 .text          0x1a001094        0x4 c:/ciaa_software_1.1-win/tools/arm-none-eabi-gcc/bin/../lib/gcc/arm-none-eabi/8.2.1/thumb/v7e-m+fp/hard\libgcc.a(_dvmd_tls.o)
                0x1a001094                __aeabi_idiv0
                0x1a001094                __aeabi_ldiv0
 .text.memset   0x1a001098       0x10 c:/ciaa_software_1.1-win/tools/arm-none-eabi-gcc/bin/../lib/gcc/arm-none-eabi/8.2.1/../../../../arm-none-eabi/lib/thumb/v7e-m+fp/hard\libc_nano.a(lib_a-memset.o)
                0x1a001098                memset
 *(.rodata .rodata.* .constdata .constdata.*)
 .rodata.InitClkStates
                0x1a0010a8       0x48 out/lib/lpc_chip_43xx/src/sysinit_18xx_43xx.o
 .rodata.UART_BClock
                0x1a0010f0        0x8 out/lib/lpc_chip_43xx/src/uart_18xx_43xx.o
 .rodata.UART_PClock
                0x1a0010f8        0x8 out/lib/lpc_chip_43xx/src/uart_18xx_43xx.o
 .rodata        0x1a001100        0x4 out/lib/lpc_chip_43xx/src/clock_18xx_43xx.o
 .rodata.Chip_Clock_SetDivider.str1.4
                0x1a001104        0x8 out/lib/lpc_chip_43xx/src/clock_18xx_43xx.o
                                  0x6 (size before relaxing)
 .rodata.periph_to_base
                0x1a00110c       0x6c out/lib/lpc_chip_43xx/src/clock_18xx_43xx.o
 .rodata.InitClkStates
                0x1a001178        0xc out/lib/lpc_board_ciaa_edu_4337/src/board_sysinit.o
 .rodata.pinmuxing
                0x1a001184       0x60 out/lib/lpc_board_ciaa_edu_4337/src/board_sysinit.o
 .rodata.ExtRateIn
                0x1a0011e4        0x4 out/lib/lpc_board_ciaa_edu_4337/src/board.o
                0x1a0011e4                ExtRateIn
 .rodata.OscRateIn
                0x1a0011e8        0x4 out/lib/lpc_board_ciaa_edu_4337/src/board.o
                0x1a0011e8                OscRateIn
 .rodata.gpioLEDBits
                0x1a0011ec        0xc out/lib/lpc_board_ciaa_edu_4337/src/board.o
                0x1a0011f8                . = ALIGN (0x4)

.glue_7         0x1a0011f8        0x0
 .glue_7        0x1a0011f8        0x0 linker stubs

.glue_7t        0x1a0011f8        0x0
 .glue_7t       0x1a0011f8        0x0 linker stubs

.vfp11_veneer   0x1a0011f8        0x0
 .vfp11_veneer  0x1a0011f8        0x0 linker stubs

.v4_bx          0x1a0011f8        0x0
 .v4_bx         0x1a0011f8        0x0 linker stubs

.iplt           0x1a0011f8        0x0
 .iplt          0x1a0011f8        0x0 out/app/src/suma_c.o

.ARM.extab
 *(.ARM.extab* .gnu.linkonce.armextab.*)
                0x1a0011f8                __exidx_start = .

.ARM.exidx      0x1a0011f8        0x8
 *(.ARM.exidx* .gnu.linkonce.armexidx.*)
 .ARM.exidx.text.__udivmoddi4
                0x1a0011f8        0x8 c:/ciaa_software_1.1-win/tools/arm-none-eabi-gcc/bin/../lib/gcc/arm-none-eabi/8.2.1/thumb/v7e-m+fp/hard\libgcc.a(_udivmoddi4.o)
                0x1a001200                __exidx_end = .
                0x1a001200                _etext = .

.rel.dyn        0x1a001200        0x0
 .rel.iplt      0x1a001200        0x0 out/app/src/suma_c.o

.data_RAM2      0x10080000        0x0 load address 0x1a001200
 FILL mask 0xff
 *(.ramfunc.$RAM2)
 *(.ramfunc.$RamLoc40)
 *(.data.$RAM2*)
 *(.data.$RamLoc40*)
                0x10080000                . = ALIGN (0x4)

.data_RAM3      0x20000000        0x0 load address 0x1a001200
 FILL mask 0xff
 *(.ramfunc.$RAM3)
 *(.ramfunc.$RamAHB32)
 *(.data.$RAM3*)
 *(.data.$RamAHB32*)
                0x20000000                . = ALIGN (0x4)

.data_RAM4      0x20008000        0x0 load address 0x1a001200
 FILL mask 0xff
 *(.ramfunc.$RAM4)
 *(.ramfunc.$RamAHB16)
 *(.data.$RAM4*)
 *(.data.$RamAHB16*)
                0x20008000                . = ALIGN (0x4)

.data_RAM5      0x2000c000        0x0 load address 0x1a001200
 FILL mask 0xff
 *(.ramfunc.$RAM5)
 *(.ramfunc.$RamAHB_ETB16)
 *(.data.$RAM5*)
 *(.data.$RamAHB_ETB16*)
                0x2000c000                . = ALIGN (0x4)

.uninit_RESERVED
                0x10000000        0x0
 *(.bss.$RESERVED*)
                0x10000000                . = ALIGN (0x4)
                0x10000000                _end_uninit_RESERVED = .

.data           0x10000000        0x0 load address 0x1a001200
 FILL mask 0xff
                0x10000000                _data = .
 *(vtable)
 *(.ramfunc*)
 *(.data*)
                0x10000000                . = ALIGN (0x4)
                0x10000000                _edata = .

.igot.plt       0x10000000        0x0 load address 0x1a001200
 .igot.plt      0x10000000        0x0 out/app/src/suma_c.o

.bss_RAM2       0x10080000        0x0
 *(.bss.$RAM2*)
 *(.bss.$RamLoc40*)
                0x10080000                . = ALIGN (0x4)

.bss_RAM3       0x20000000        0x0
 *(.bss.$RAM3*)
 *(.bss.$RamAHB32*)
                0x20000000                . = ALIGN (0x4)

.bss_RAM4       0x20008000        0x0
 *(.bss.$RAM4*)
 *(.bss.$RamAHB16*)
                0x20008000                . = ALIGN (0x4)

.bss_RAM5       0x2000c000        0x0
 *(.bss.$RAM5*)
 *(.bss.$RamAHB_ETB16*)
                0x2000c000                . = ALIGN (0x4)

.bss            0x10000000        0xc
                0x10000000                _bss = .
 *(.bss*)
 .bss.audio_usb_pll_freq
                0x10000000        0x8 out/lib/lpc_chip_43xx/src/clock_18xx_43xx.o
 *(COMMON)
 COMMON         0x10000008        0x4 out/lib/lpc_chip_43xx/src/chip_18xx_43xx.o
                0x10000008                SystemCoreClock
                0x1000000c                . = ALIGN (0x4)
                0x1000000c                _ebss = .
                [!provide]                PROVIDE (end = .)

.noinit_RAM2    0x10080000        0x0
 *(.noinit.$RAM2*)
 *(.noinit.$RamLoc40*)
                0x10080000                . = ALIGN (0x4)

.noinit_RAM3    0x20000000        0x0
 *(.noinit.$RAM3*)
 *(.noinit.$RamAHB32*)
                0x20000000                . = ALIGN (0x4)

.noinit_RAM4    0x20008000        0x0
 *(.noinit.$RAM4*)
 *(.noinit.$RamAHB16*)
                0x20008000                . = ALIGN (0x4)

.noinit_RAM5    0x2000c000        0x0
 *(.noinit.$RAM5*)
 *(.noinit.$RamAHB_ETB16*)
                0x2000c000                . = ALIGN (0x4)

.noinit         0x1000000c        0x0
                0x1000000c                _noinit = .
 *(.noinit*)
                0x1000000c                . = ALIGN (0x4)
                0x1000000c                _end_noinit = .
                0x1000000c                PROVIDE (_pvHeapStart = .)
                0x10008000                PROVIDE (_vStackTop = (__top_RamLoc32 - 0x0))
OUTPUT(out/arquitecturaDeMicroprocesadores.elf elf32-littlearm)

.debug_info     0x00000000     0xa721
 .debug_info    0x00000000       0xc1 out/app/src/suma_c.o
 .debug_info    0x000000c1      0xad8 out/app/src/main.o
 .debug_info    0x00000b99      0xb94 out/lib/lpc_chip_43xx/src/sysinit_18xx_43xx.o
 .debug_info    0x0000172d      0x156 out/lib/lpc_chip_43xx/src/fpu_init.o
 .debug_info    0x00001883      0xc97 out/lib/lpc_chip_43xx/src/chip_18xx_43xx.o
 .debug_info    0x0000251a     0x1981 out/lib/lpc_chip_43xx/src/uart_18xx_43xx.o
 .debug_info    0x00003e9b      0x568 out/lib/lpc_chip_43xx/src/gpio_18xx_43xx.o
 .debug_info    0x00004403     0x1b68 out/lib/lpc_chip_43xx/src/clock_18xx_43xx.o
 .debug_info    0x00005f6b      0x9e3 out/lib/lpc_board_ciaa_edu_4337/src/sysinit.o
 .debug_info    0x0000694e       0x40 out/lib/lpc_board_ciaa_edu_4337/src/crp.o
 .debug_info    0x0000698e     0x15bc out/lib/lpc_board_ciaa_edu_4337/src/board_sysinit.o
 .debug_info    0x00007f4a      0x33f out/lib/lpc_board_ciaa_edu_4337/src/cr_startup_lpc43xx.o
 .debug_info    0x00008289     0x2472 out/lib/lpc_board_ciaa_edu_4337/src/board.o
 .debug_info    0x0000a6fb       0x26 out/app/src/suma.o

.debug_abbrev   0x00000000     0x1d16
 .debug_abbrev  0x00000000       0x7d out/app/src/suma_c.o
 .debug_abbrev  0x0000007d      0x2af out/app/src/main.o
 .debug_abbrev  0x0000032c      0x250 out/lib/lpc_chip_43xx/src/sysinit_18xx_43xx.o
 .debug_abbrev  0x0000057c       0xb1 out/lib/lpc_chip_43xx/src/fpu_init.o
 .debug_abbrev  0x0000062d      0x1ee out/lib/lpc_chip_43xx/src/chip_18xx_43xx.o
 .debug_abbrev  0x0000081b      0x42c out/lib/lpc_chip_43xx/src/uart_18xx_43xx.o
 .debug_abbrev  0x00000c47      0x1af out/lib/lpc_chip_43xx/src/gpio_18xx_43xx.o
 .debug_abbrev  0x00000df6      0x3ef out/lib/lpc_chip_43xx/src/clock_18xx_43xx.o
 .debug_abbrev  0x000011e5      0x20a out/lib/lpc_board_ciaa_edu_4337/src/sysinit.o
 .debug_abbrev  0x000013ef       0x38 out/lib/lpc_board_ciaa_edu_4337/src/crp.o
 .debug_abbrev  0x00001427      0x356 out/lib/lpc_board_ciaa_edu_4337/src/board_sysinit.o
 .debug_abbrev  0x0000177d      0x130 out/lib/lpc_board_ciaa_edu_4337/src/cr_startup_lpc43xx.o
 .debug_abbrev  0x000018ad      0x455 out/lib/lpc_board_ciaa_edu_4337/src/board.o
 .debug_abbrev  0x00001d02       0x14 out/app/src/suma.o

.debug_loc      0x00000000     0x33ac
 .debug_loc     0x00000000       0x25 out/app/src/suma_c.o
 .debug_loc     0x00000025       0x15 out/app/src/main.o
 .debug_loc     0x0000003a      0x15a out/lib/lpc_chip_43xx/src/sysinit_18xx_43xx.o
 .debug_loc     0x00000194       0x31 out/lib/lpc_chip_43xx/src/fpu_init.o
 .debug_loc     0x000001c5      0xf38 out/lib/lpc_chip_43xx/src/uart_18xx_43xx.o
 .debug_loc     0x000010fd      0x39e out/lib/lpc_chip_43xx/src/gpio_18xx_43xx.o
 .debug_loc     0x0000149b     0x1505 out/lib/lpc_chip_43xx/src/clock_18xx_43xx.o
 .debug_loc     0x000029a0       0xd9 out/lib/lpc_board_ciaa_edu_4337/src/board_sysinit.o
 .debug_loc     0x00002a79      0x282 out/lib/lpc_board_ciaa_edu_4337/src/cr_startup_lpc43xx.o
 .debug_loc     0x00002cfb      0x6b1 out/lib/lpc_board_ciaa_edu_4337/src/board.o

.debug_aranges  0x00000000      0x488
 .debug_aranges
                0x00000000       0x20 out/app/src/suma_c.o
 .debug_aranges
                0x00000020       0x28 out/app/src/main.o
 .debug_aranges
                0x00000048       0x38 out/lib/lpc_chip_43xx/src/sysinit_18xx_43xx.o
 .debug_aranges
                0x00000080       0x20 out/lib/lpc_chip_43xx/src/fpu_init.o
 .debug_aranges
                0x000000a0       0x38 out/lib/lpc_chip_43xx/src/chip_18xx_43xx.o
 .debug_aranges
                0x000000d8       0xa8 out/lib/lpc_chip_43xx/src/uart_18xx_43xx.o
 .debug_aranges
                0x00000180       0x48 out/lib/lpc_chip_43xx/src/gpio_18xx_43xx.o
 .debug_aranges
                0x000001c8      0x128 out/lib/lpc_chip_43xx/src/clock_18xx_43xx.o
 .debug_aranges
                0x000002f0       0x20 out/lib/lpc_board_ciaa_edu_4337/src/sysinit.o
 .debug_aranges
                0x00000310       0x18 out/lib/lpc_board_ciaa_edu_4337/src/crp.o
 .debug_aranges
                0x00000328       0x30 out/lib/lpc_board_ciaa_edu_4337/src/board_sysinit.o
 .debug_aranges
                0x00000358       0x80 out/lib/lpc_board_ciaa_edu_4337/src/cr_startup_lpc43xx.o
 .debug_aranges
                0x000003d8       0x90 out/lib/lpc_board_ciaa_edu_4337/src/board.o
 .debug_aranges
                0x00000468       0x20 out/app/src/suma.o

.debug_ranges   0x00000000      0x440
 .debug_ranges  0x00000000       0x10 out/app/src/suma_c.o
 .debug_ranges  0x00000010       0x18 out/app/src/main.o
 .debug_ranges  0x00000028       0x28 out/lib/lpc_chip_43xx/src/sysinit_18xx_43xx.o
 .debug_ranges  0x00000050       0x10 out/lib/lpc_chip_43xx/src/fpu_init.o
 .debug_ranges  0x00000060       0x28 out/lib/lpc_chip_43xx/src/chip_18xx_43xx.o
 .debug_ranges  0x00000088       0xb0 out/lib/lpc_chip_43xx/src/uart_18xx_43xx.o
 .debug_ranges  0x00000138       0x38 out/lib/lpc_chip_43xx/src/gpio_18xx_43xx.o
 .debug_ranges  0x00000170      0x198 out/lib/lpc_chip_43xx/src/clock_18xx_43xx.o
 .debug_ranges  0x00000308       0x10 out/lib/lpc_board_ciaa_edu_4337/src/sysinit.o
 .debug_ranges  0x00000318       0x38 out/lib/lpc_board_ciaa_edu_4337/src/board_sysinit.o
 .debug_ranges  0x00000350       0x70 out/lib/lpc_board_ciaa_edu_4337/src/cr_startup_lpc43xx.o
 .debug_ranges  0x000003c0       0x80 out/lib/lpc_board_ciaa_edu_4337/src/board.o

.debug_macro    0x00000000     0x742c
 .debug_macro   0x00000000       0x6d out/app/src/suma_c.o
 .debug_macro   0x0000006d      0xa9c out/app/src/suma_c.o
 .debug_macro   0x00000b09       0x22 out/app/src/suma_c.o
 .debug_macro   0x00000b2b       0x8e out/app/src/suma_c.o
 .debug_macro   0x00000bb9       0x51 out/app/src/suma_c.o
 .debug_macro   0x00000c0a       0xef out/app/src/suma_c.o
 .debug_macro   0x00000cf9       0x6a out/app/src/suma_c.o
 .debug_macro   0x00000d63      0x1df out/app/src/suma_c.o
 .debug_macro   0x00000f42      0x492 out/app/src/main.o
 .debug_macro   0x000013d4       0x16 out/app/src/main.o
 .debug_macro   0x000013ea       0x10 out/app/src/main.o
 .debug_macro   0x000013fa       0x22 out/app/src/main.o
 .debug_macro   0x0000141c       0x66 out/app/src/main.o
 .debug_macro   0x00001482       0x28 out/app/src/main.o
 .debug_macro   0x000014aa       0x3b out/app/src/main.o
 .debug_macro   0x000014e5       0x2d out/app/src/main.o
 .debug_macro   0x00001512       0x42 out/app/src/main.o
 .debug_macro   0x00001554      0xd39 out/app/src/main.o
 .debug_macro   0x0000228d      0x2bc out/app/src/main.o
 .debug_macro   0x00002549      0x112 out/app/src/main.o
 .debug_macro   0x0000265b       0x11 out/app/src/main.o
 .debug_macro   0x0000266c       0x2a out/app/src/main.o
 .debug_macro   0x00002696       0x16 out/app/src/main.o
 .debug_macro   0x000026ac      0x2e6 out/app/src/main.o
 .debug_macro   0x00002992       0x82 out/app/src/main.o
 .debug_macro   0x00002a14      0x13d out/app/src/main.o
 .debug_macro   0x00002b51      0x198 out/app/src/main.o
 .debug_macro   0x00002ce9       0x34 out/app/src/main.o
 .debug_macro   0x00002d1d       0x58 out/app/src/main.o
 .debug_macro   0x00002d75      0x236 out/app/src/main.o
 .debug_macro   0x00002fab      0x572 out/app/src/main.o
 .debug_macro   0x0000351d       0x16 out/app/src/main.o
 .debug_macro   0x00003533      0x18a out/app/src/main.o
 .debug_macro   0x000036bd       0x88 out/app/src/main.o
 .debug_macro   0x00003745      0x1b9 out/app/src/main.o
 .debug_macro   0x000038fe      0x1da out/app/src/main.o
 .debug_macro   0x00003ad8       0x40 out/app/src/main.o
 .debug_macro   0x00003b18       0x1c out/app/src/main.o
 .debug_macro   0x00003b34       0x2e out/app/src/main.o
 .debug_macro   0x00003b62       0x2e out/app/src/main.o
 .debug_macro   0x00003b90       0x22 out/app/src/main.o
 .debug_macro   0x00003bb2      0x201 out/app/src/main.o
 .debug_macro   0x00003db3       0xe0 out/app/src/main.o
 .debug_macro   0x00003e93      0x34c out/app/src/main.o
 .debug_macro   0x000041df       0xdc out/app/src/main.o
 .debug_macro   0x000042bb       0xc4 out/app/src/main.o
 .debug_macro   0x0000437f       0x94 out/app/src/main.o
 .debug_macro   0x00004413       0xb8 out/app/src/main.o
 .debug_macro   0x000044cb       0x4c out/app/src/main.o
 .debug_macro   0x00004517       0x16 out/app/src/main.o
 .debug_macro   0x0000452d      0x328 out/app/src/main.o
 .debug_macro   0x00004855       0x3a out/app/src/main.o
 .debug_macro   0x0000488f       0xd0 out/app/src/main.o
 .debug_macro   0x0000495f       0x18 out/app/src/main.o
 .debug_macro   0x00004977       0x22 out/app/src/main.o
 .debug_macro   0x00004999       0x40 out/app/src/main.o
 .debug_macro   0x000049d9       0x46 out/app/src/main.o
 .debug_macro   0x00004a1f       0x64 out/app/src/main.o
 .debug_macro   0x00004a83       0x18 out/app/src/main.o
 .debug_macro   0x00004a9b       0x35 out/app/src/main.o
 .debug_macro   0x00004ad0       0x34 out/app/src/main.o
 .debug_macro   0x00004b04       0x16 out/app/src/main.o
 .debug_macro   0x00004b1a       0x97 out/app/src/main.o
 .debug_macro   0x00004bb1      0x339 out/app/src/main.o
 .debug_macro   0x00004eea       0xfd out/app/src/main.o
 .debug_macro   0x00004fe7       0x10 out/app/src/main.o
 .debug_macro   0x00004ff7       0x58 out/app/src/main.o
 .debug_macro   0x0000504f       0x1f out/app/src/main.o
 .debug_macro   0x0000506e       0x43 out/app/src/main.o
 .debug_macro   0x000050b1       0x20 out/app/src/main.o
 .debug_macro   0x000050d1      0x18e out/app/src/main.o
 .debug_macro   0x0000525f       0x10 out/app/src/main.o
 .debug_macro   0x0000526f       0x1c out/app/src/main.o
 .debug_macro   0x0000528b       0x52 out/app/src/main.o
 .debug_macro   0x000052dd       0x40 out/app/src/main.o
 .debug_macro   0x0000531d       0x10 out/app/src/main.o
 .debug_macro   0x0000532d       0x40 out/app/src/main.o
 .debug_macro   0x0000536d       0xd7 out/app/src/main.o
 .debug_macro   0x00005444       0x1c out/app/src/main.o
 .debug_macro   0x00005460       0x3d out/app/src/main.o
 .debug_macro   0x0000549d       0x16 out/app/src/main.o
 .debug_macro   0x000054b3      0x16f out/app/src/main.o
 .debug_macro   0x00005622       0x20 out/app/src/main.o
 .debug_macro   0x00005642      0x301 out/lib/lpc_chip_43xx/src/sysinit_18xx_43xx.o
 .debug_macro   0x00005943       0xe7 out/lib/lpc_chip_43xx/src/fpu_init.o
 .debug_macro   0x00005a2a      0x301 out/lib/lpc_chip_43xx/src/chip_18xx_43xx.o
 .debug_macro   0x00005d2b      0x301 out/lib/lpc_chip_43xx/src/uart_18xx_43xx.o
 .debug_macro   0x0000602c      0x301 out/lib/lpc_chip_43xx/src/gpio_18xx_43xx.o
 .debug_macro   0x0000632d      0x307 out/lib/lpc_chip_43xx/src/clock_18xx_43xx.o
 .debug_macro   0x00006634      0x47f out/lib/lpc_board_ciaa_edu_4337/src/sysinit.o
 .debug_macro   0x00006ab3       0x17 out/lib/lpc_board_ciaa_edu_4337/src/crp.o
 .debug_macro   0x00006aca      0x47f out/lib/lpc_board_ciaa_edu_4337/src/board_sysinit.o
 .debug_macro   0x00006f49       0x1d out/lib/lpc_board_ciaa_edu_4337/src/cr_startup_lpc43xx.o
 .debug_macro   0x00006f66      0x4b0 out/lib/lpc_board_ciaa_edu_4337/src/board.o
 .debug_macro   0x00007416       0x16 out/lib/lpc_board_ciaa_edu_4337/src/board.o

.debug_line     0x00000000     0x6842
 .debug_line    0x00000000      0x1f9 out/app/src/suma_c.o
 .debug_line    0x000001f9      0x87f out/app/src/main.o
 .debug_line    0x00000a78      0x8df out/lib/lpc_chip_43xx/src/sysinit_18xx_43xx.o
 .debug_line    0x00001357      0x2fa out/lib/lpc_chip_43xx/src/fpu_init.o
 .debug_line    0x00001651      0x73d out/lib/lpc_chip_43xx/src/chip_18xx_43xx.o
 .debug_line    0x00001d8e      0xe6f out/lib/lpc_chip_43xx/src/uart_18xx_43xx.o
 .debug_line    0x00002bfd      0x7d7 out/lib/lpc_chip_43xx/src/gpio_18xx_43xx.o
 .debug_line    0x000033d4     0x13d5 out/lib/lpc_chip_43xx/src/clock_18xx_43xx.o
 .debug_line    0x000047a9      0x811 out/lib/lpc_board_ciaa_edu_4337/src/sysinit.o
 .debug_line    0x00004fba       0x46 out/lib/lpc_board_ciaa_edu_4337/src/crp.o
 .debug_line    0x00005000      0x8f3 out/lib/lpc_board_ciaa_edu_4337/src/board_sysinit.o
 .debug_line    0x000058f3      0x24f out/lib/lpc_board_ciaa_edu_4337/src/cr_startup_lpc43xx.o
 .debug_line    0x00005b42      0xcbf out/lib/lpc_board_ciaa_edu_4337/src/board.o
 .debug_line    0x00006801       0x41 out/app/src/suma.o

.debug_str      0x00000000    0x1b4ce
 .debug_str     0x00000000     0x3b8a out/app/src/suma_c.o
                               0x3cf3 (size before relaxing)
 .debug_str     0x00003b8a    0x155bc out/app/src/main.o
                              0x193b8 (size before relaxing)
 .debug_str     0x00019146      0xd67 out/lib/lpc_chip_43xx/src/sysinit_18xx_43xx.o
                              0x15df6 (size before relaxing)
 .debug_str     0x00019ead       0xc4 out/lib/lpc_chip_43xx/src/fpu_init.o
                               0x9955 (size before relaxing)
 .debug_str     0x00019f71      0x276 out/lib/lpc_chip_43xx/src/chip_18xx_43xx.o
                              0x15e98 (size before relaxing)
 .debug_str     0x0001a1e7      0x4a0 out/lib/lpc_chip_43xx/src/uart_18xx_43xx.o
                              0x15fa8 (size before relaxing)
 .debug_str     0x0001a687      0x149 out/lib/lpc_chip_43xx/src/gpio_18xx_43xx.o
                              0x151e6 (size before relaxing)
 .debug_str     0x0001a7d0      0x404 out/lib/lpc_chip_43xx/src/clock_18xx_43xx.o
                              0x1636b (size before relaxing)
 .debug_str     0x0001abd4       0x45 out/lib/lpc_board_ciaa_edu_4337/src/sysinit.o
                              0x19354 (size before relaxing)
 .debug_str     0x0001ac19       0x45 out/lib/lpc_board_ciaa_edu_4337/src/crp.o
                               0x2df5 (size before relaxing)
 .debug_str     0x0001ac5e       0xf4 out/lib/lpc_board_ciaa_edu_4337/src/board_sysinit.o
                              0x1a12d (size before relaxing)
 .debug_str     0x0001ad52      0x20b out/lib/lpc_board_ciaa_edu_4337/src/cr_startup_lpc43xx.o
                               0x2fd6 (size before relaxing)
 .debug_str     0x0001af5d      0x553 out/lib/lpc_board_ciaa_edu_4337/src/board.o
                              0x1a58c (size before relaxing)
 .debug_str     0x0001b4b0       0x1e out/app/src/suma.o
                                 0x68 (size before relaxing)

.comment        0x00000000       0x68
 .comment       0x00000000       0x68 out/app/src/suma_c.o
                                 0x69 (size before relaxing)
 .comment       0x00000068       0x69 out/app/src/main.o
 .comment       0x00000068       0x69 out/lib/lpc_chip_43xx/src/sysinit_18xx_43xx.o
 .comment       0x00000068       0x69 out/lib/lpc_chip_43xx/src/fpu_init.o
 .comment       0x00000068       0x69 out/lib/lpc_chip_43xx/src/chip_18xx_43xx.o
 .comment       0x00000068       0x69 out/lib/lpc_chip_43xx/src/uart_18xx_43xx.o
 .comment       0x00000068       0x69 out/lib/lpc_chip_43xx/src/gpio_18xx_43xx.o
 .comment       0x00000068       0x69 out/lib/lpc_chip_43xx/src/clock_18xx_43xx.o
 .comment       0x00000068       0x69 out/lib/lpc_board_ciaa_edu_4337/src/sysinit.o
 .comment       0x00000068       0x69 out/lib/lpc_board_ciaa_edu_4337/src/crp.o
 .comment       0x00000068       0x69 out/lib/lpc_board_ciaa_edu_4337/src/board_sysinit.o
 .comment       0x00000068       0x69 out/lib/lpc_board_ciaa_edu_4337/src/cr_startup_lpc43xx.o
 .comment       0x00000068       0x69 out/lib/lpc_board_ciaa_edu_4337/src/board.o

.ARM.attributes
                0x00000000       0x32
 .ARM.attributes
                0x00000000       0x34 out/app/src/suma_c.o
 .ARM.attributes
                0x00000034       0x34 out/app/src/main.o
 .ARM.attributes
                0x00000068       0x34 out/lib/lpc_chip_43xx/src/sysinit_18xx_43xx.o
 .ARM.attributes
                0x0000009c       0x34 out/lib/lpc_chip_43xx/src/fpu_init.o
 .ARM.attributes
                0x000000d0       0x34 out/lib/lpc_chip_43xx/src/chip_18xx_43xx.o
 .ARM.attributes
                0x00000104       0x34 out/lib/lpc_chip_43xx/src/uart_18xx_43xx.o
 .ARM.attributes
                0x00000138       0x34 out/lib/lpc_chip_43xx/src/gpio_18xx_43xx.o
 .ARM.attributes
                0x0000016c       0x34 out/lib/lpc_chip_43xx/src/clock_18xx_43xx.o
 .ARM.attributes
                0x000001a0       0x34 out/lib/lpc_board_ciaa_edu_4337/src/sysinit.o
 .ARM.attributes
                0x000001d4       0x39 out/lib/lpc_board_ciaa_edu_4337/src/crp.o
 .ARM.attributes
                0x0000020d       0x34 out/lib/lpc_board_ciaa_edu_4337/src/board_sysinit.o
 .ARM.attributes
                0x00000241       0x34 out/lib/lpc_board_ciaa_edu_4337/src/cr_startup_lpc43xx.o
 .ARM.attributes
                0x00000275       0x34 out/lib/lpc_board_ciaa_edu_4337/src/board.o
 .ARM.attributes
                0x000002a9       0x20 out/app/src/suma.o
 .ARM.attributes
                0x000002c9       0x1e c:/ciaa_software_1.1-win/tools/arm-none-eabi-gcc/bin/../lib/gcc/arm-none-eabi/8.2.1/thumb/v7e-m+fp/hard\libgcc.a(_aeabi_uldivmod.o)
 .ARM.attributes
                0x000002e7       0x34 c:/ciaa_software_1.1-win/tools/arm-none-eabi-gcc/bin/../lib/gcc/arm-none-eabi/8.2.1/thumb/v7e-m+fp/hard\libgcc.a(_udivmoddi4.o)
 .ARM.attributes
                0x0000031b       0x1e c:/ciaa_software_1.1-win/tools/arm-none-eabi-gcc/bin/../lib/gcc/arm-none-eabi/8.2.1/thumb/v7e-m+fp/hard\libgcc.a(_dvmd_tls.o)
 .ARM.attributes
                0x00000339       0x34 c:/ciaa_software_1.1-win/tools/arm-none-eabi-gcc/bin/../lib/gcc/arm-none-eabi/8.2.1/../../../../arm-none-eabi/lib/thumb/v7e-m+fp/hard\libc_nano.a(lib_a-memset.o)

.debug_frame    0x00000000      0xa4c
 .debug_frame   0x00000000       0x20 out/app/src/suma_c.o
 .debug_frame   0x00000020       0x40 out/app/src/main.o
 .debug_frame   0x00000060       0x80 out/lib/lpc_chip_43xx/src/sysinit_18xx_43xx.o
 .debug_frame   0x000000e0       0x2c out/lib/lpc_chip_43xx/src/fpu_init.o
 .debug_frame   0x0000010c       0x70 out/lib/lpc_chip_43xx/src/chip_18xx_43xx.o
 .debug_frame   0x0000017c      0x1f4 out/lib/lpc_chip_43xx/src/uart_18xx_43xx.o
 .debug_frame   0x00000370       0x90 out/lib/lpc_chip_43xx/src/gpio_18xx_43xx.o
 .debug_frame   0x00000400      0x31c out/lib/lpc_chip_43xx/src/clock_18xx_43xx.o
 .debug_frame   0x0000071c       0x28 out/lib/lpc_board_ciaa_edu_4337/src/sysinit.o
 .debug_frame   0x00000744       0x5c out/lib/lpc_board_ciaa_edu_4337/src/board_sysinit.o
 .debug_frame   0x000007a0       0xf4 out/lib/lpc_board_ciaa_edu_4337/src/cr_startup_lpc43xx.o
 .debug_frame   0x00000894      0x138 out/lib/lpc_board_ciaa_edu_4337/src/board.o
 .debug_frame   0x000009cc       0x2c c:/ciaa_software_1.1-win/tools/arm-none-eabi-gcc/bin/../lib/gcc/arm-none-eabi/8.2.1/thumb/v7e-m+fp/hard\libgcc.a(_aeabi_uldivmod.o)
 .debug_frame   0x000009f8       0x34 c:/ciaa_software_1.1-win/tools/arm-none-eabi-gcc/bin/../lib/gcc/arm-none-eabi/8.2.1/thumb/v7e-m+fp/hard\libgcc.a(_udivmoddi4.o)
 .debug_frame   0x00000a2c       0x20 c:/ciaa_software_1.1-win/tools/arm-none-eabi-gcc/bin/../lib/gcc/arm-none-eabi/8.2.1/../../../../arm-none-eabi/lib/thumb/v7e-m+fp/hard\libc_nano.a(lib_a-memset.o)

Cross Reference Table

Symbol                                            File
ADC0_IRQHandler                                   out/lib/lpc_board_ciaa_edu_4337/src/cr_startup_lpc43xx.o
ADC1_IRQHandler                                   out/lib/lpc_board_ciaa_edu_4337/src/cr_startup_lpc43xx.o
ADCHS_IRQHandler                                  out/lib/lpc_board_ciaa_edu_4337/src/cr_startup_lpc43xx.o
ATIMER_IRQHandler                                 out/lib/lpc_board_ciaa_edu_4337/src/cr_startup_lpc43xx.o
Board_DAC_Init                                    out/lib/lpc_board_ciaa_edu_4337/src/board.o
Board_Debug_Init                                  out/lib/lpc_board_ciaa_edu_4337/src/board.o
Board_ENET_GetMacADDR                             out/lib/lpc_board_ciaa_edu_4337/src/board.o
Board_I2C_Init                                    out/lib/lpc_board_ciaa_edu_4337/src/board.o
Board_Init                                        out/lib/lpc_board_ciaa_edu_4337/src/board.o
                                                  out/app/src/main.o
Board_LED_Set                                     out/lib/lpc_board_ciaa_edu_4337/src/board.o
Board_LED_Test                                    out/lib/lpc_board_ciaa_edu_4337/src/board.o
Board_LED_Toggle                                  out/lib/lpc_board_ciaa_edu_4337/src/board.o
Board_SDMMC_Init                                  out/lib/lpc_board_ciaa_edu_4337/src/board.o
Board_SSP_Init                                    out/lib/lpc_board_ciaa_edu_4337/src/board.o
Board_SetupClocking                               out/lib/lpc_board_ciaa_edu_4337/src/board_sysinit.o
Board_SetupMuxing                                 out/lib/lpc_board_ciaa_edu_4337/src/board_sysinit.o
Board_SystemInit                                  out/lib/lpc_board_ciaa_edu_4337/src/board_sysinit.o
                                                  out/lib/lpc_board_ciaa_edu_4337/src/sysinit.o
Board_UARTGetChar                                 out/lib/lpc_board_ciaa_edu_4337/src/board.o
                                                  out/lib/lpc_board_ciaa_edu_4337/src/system.o
Board_UARTPutChar                                 out/lib/lpc_board_ciaa_edu_4337/src/board.o
                                                  out/lib/lpc_board_ciaa_edu_4337/src/system.o
Board_UARTPutSTR                                  out/lib/lpc_board_ciaa_edu_4337/src/board.o
Board_UART_Init                                   out/lib/lpc_board_ciaa_edu_4337/src/board.o
BusFault_Handler                                  out/lib/lpc_board_ciaa_edu_4337/src/cr_startup_lpc43xx.o
CAN0_IRQHandler                                   out/lib/lpc_board_ciaa_edu_4337/src/cr_startup_lpc43xx.o
CAN1_IRQHandler                                   out/lib/lpc_board_ciaa_edu_4337/src/cr_startup_lpc43xx.o
CRP_WORD                                          out/lib/lpc_board_ciaa_edu_4337/src/crp.o
CSum                                              out/app/src/suma_c.o
                                                  out/app/src/main.o
Chip_ADC_DeInit                                   out/lib/lpc_chip_43xx/src/adc_18xx_43xx.o
Chip_ADC_EnableChannel                            out/lib/lpc_chip_43xx/src/adc_18xx_43xx.o
Chip_ADC_Init                                     out/lib/lpc_chip_43xx/src/adc_18xx_43xx.o
Chip_ADC_Int_SetChannelCmd                        out/lib/lpc_chip_43xx/src/adc_18xx_43xx.o
Chip_ADC_ReadByte                                 out/lib/lpc_chip_43xx/src/adc_18xx_43xx.o
Chip_ADC_ReadStatus                               out/lib/lpc_chip_43xx/src/adc_18xx_43xx.o
Chip_ADC_ReadValue                                out/lib/lpc_chip_43xx/src/adc_18xx_43xx.o
Chip_ADC_SetBurstCmd                              out/lib/lpc_chip_43xx/src/adc_18xx_43xx.o
Chip_ADC_SetResolution                            out/lib/lpc_chip_43xx/src/adc_18xx_43xx.o
Chip_ADC_SetSampleRate                            out/lib/lpc_chip_43xx/src/adc_18xx_43xx.o
Chip_ADC_SetStartMode                             out/lib/lpc_chip_43xx/src/adc_18xx_43xx.o
Chip_AES_Config_DMA                               out/lib/lpc_chip_43xx/src/aes_18xx_43xx.o
Chip_AES_GetStatusDMA                             out/lib/lpc_chip_43xx/src/aes_18xx_43xx.o
Chip_AES_Init                                     out/lib/lpc_chip_43xx/src/aes_18xx_43xx.o
Chip_AES_LoadIV_IC                                out/lib/lpc_chip_43xx/src/aes_18xx_43xx.o
Chip_AES_LoadIV_SW                                out/lib/lpc_chip_43xx/src/aes_18xx_43xx.o
Chip_AES_LoadKey                                  out/lib/lpc_chip_43xx/src/aes_18xx_43xx.o
Chip_AES_LoadKeyRNG                               out/lib/lpc_chip_43xx/src/aes_18xx_43xx.o
Chip_AES_LoadKeySW                                out/lib/lpc_chip_43xx/src/aes_18xx_43xx.o
Chip_AES_Operate                                  out/lib/lpc_chip_43xx/src/aes_18xx_43xx.o
Chip_AES_OperateDMA                               out/lib/lpc_chip_43xx/src/aes_18xx_43xx.o
Chip_AES_ProgramKey                               out/lib/lpc_chip_43xx/src/aes_18xx_43xx.o
Chip_AES_SetMode                                  out/lib/lpc_chip_43xx/src/aes_18xx_43xx.o
Chip_ATIMER_DeInit                                out/lib/lpc_chip_43xx/src/atimer_18xx_43xx.o
Chip_ATIMER_Init                                  out/lib/lpc_chip_43xx/src/atimer_18xx_43xx.o
Chip_CCAN_AddReceiveID                            out/lib/lpc_chip_43xx/src/ccan_18xx_43xx.o
Chip_CCAN_ClearStatus                             out/lib/lpc_chip_43xx/src/ccan_18xx_43xx.o
Chip_CCAN_DeInit                                  out/lib/lpc_chip_43xx/src/ccan_18xx_43xx.o
Chip_CCAN_DeleteReceiveID                         out/lib/lpc_chip_43xx/src/ccan_18xx_43xx.o
Chip_CCAN_GetMsgObject                            out/lib/lpc_chip_43xx/src/ccan_18xx_43xx.o
Chip_CCAN_Init                                    out/lib/lpc_chip_43xx/src/ccan_18xx_43xx.o
Chip_CCAN_Send                                    out/lib/lpc_chip_43xx/src/ccan_18xx_43xx.o
Chip_CCAN_SetBitRate                              out/lib/lpc_chip_43xx/src/ccan_18xx_43xx.o
Chip_CCAN_SetMsgObject                            out/lib/lpc_chip_43xx/src/ccan_18xx_43xx.o
Chip_CCAN_SetValidMsg                             out/lib/lpc_chip_43xx/src/ccan_18xx_43xx.o
Chip_CCAN_TransferMsgObject                       out/lib/lpc_chip_43xx/src/ccan_18xx_43xx.o
Chip_Clock_CalcMainPLLValue                       out/lib/lpc_chip_43xx/src/clock_18xx_43xx.o
                                                  out/lib/lpc_chip_43xx/src/sysinit_18xx_43xx.o
Chip_Clock_ClearPowerDown                         out/lib/lpc_chip_43xx/src/clock_18xx_43xx.o
Chip_Clock_Disable                                out/lib/lpc_chip_43xx/src/clock_18xx_43xx.o
                                                  out/lib/lpc_chip_43xx/src/hsadc_18xx_43xx.o
                                                  out/lib/lpc_chip_43xx/src/sct_18xx_43xx.o
                                                  out/lib/lpc_chip_43xx/src/ritimer_18xx_43xx.o
                                                  out/lib/lpc_chip_43xx/src/i2c_18xx_43xx.o
                                                  out/lib/lpc_chip_43xx/src/lcd_18xx_43xx.o
                                                  out/lib/lpc_chip_43xx/src/sdif_18xx_43xx.o
                                                  out/lib/lpc_chip_43xx/src/spi_18xx_43xx.o
                                                  out/lib/lpc_chip_43xx/src/gpdma_18xx_43xx.o
                                                  out/lib/lpc_chip_43xx/src/enet_18xx_43xx.o
                                                  out/lib/lpc_chip_43xx/src/ssp_18xx_43xx.o
                                                  out/lib/lpc_chip_43xx/src/uart_18xx_43xx.o
                                                  out/lib/lpc_chip_43xx/src/dac_18xx_43xx.o
                                                  out/lib/lpc_chip_43xx/src/i2s_18xx_43xx.o
                                                  out/lib/lpc_chip_43xx/src/timer_18xx_43xx.o
                                                  out/lib/lpc_chip_43xx/src/i2cm_18xx_43xx.o
                                                  out/lib/lpc_chip_43xx/src/ccan_18xx_43xx.o
                                                  out/lib/lpc_chip_43xx/src/adc_18xx_43xx.o
Chip_Clock_DisableBaseClock                       out/lib/lpc_chip_43xx/src/clock_18xx_43xx.o
Chip_Clock_DisableCrystal                         out/lib/lpc_chip_43xx/src/clock_18xx_43xx.o
Chip_Clock_DisablePLL                             out/lib/lpc_chip_43xx/src/clock_18xx_43xx.o
Chip_Clock_Enable                                 out/lib/lpc_chip_43xx/src/clock_18xx_43xx.o
                                                  out/lib/lpc_chip_43xx/src/hsadc_18xx_43xx.o
                                                  out/lib/lpc_chip_43xx/src/i2c_18xx_43xx.o
                                                  out/lib/lpc_chip_43xx/src/spi_18xx_43xx.o
                                                  out/lib/lpc_chip_43xx/src/ssp_18xx_43xx.o
                                                  out/lib/lpc_chip_43xx/src/i2s_18xx_43xx.o
                                                  out/lib/lpc_chip_43xx/src/timer_18xx_43xx.o
                                                  out/lib/lpc_chip_43xx/src/i2cm_18xx_43xx.o
Chip_Clock_EnableBaseClock                        out/lib/lpc_chip_43xx/src/clock_18xx_43xx.o
                                                  out/lib/lpc_chip_43xx/src/chip_18xx_43xx.o
Chip_Clock_EnableCrystal                          out/lib/lpc_chip_43xx/src/clock_18xx_43xx.o
                                                  out/lib/lpc_chip_43xx/src/sysinit_18xx_43xx.o
Chip_Clock_EnableOpts                             out/lib/lpc_chip_43xx/src/clock_18xx_43xx.o
                                                  out/lib/lpc_chip_43xx/src/hsadc_18xx_43xx.o
                                                  out/lib/lpc_chip_43xx/src/sct_18xx_43xx.o
                                                  out/lib/lpc_chip_43xx/src/ritimer_18xx_43xx.o
                                                  out/lib/lpc_chip_43xx/src/lcd_18xx_43xx.o
                                                  out/lib/lpc_chip_43xx/src/sdif_18xx_43xx.o
                                                  out/lib/lpc_chip_43xx/src/gpdma_18xx_43xx.o
                                                  out/lib/lpc_chip_43xx/src/enet_18xx_43xx.o
                                                  out/lib/lpc_chip_43xx/src/uart_18xx_43xx.o
                                                  out/lib/lpc_chip_43xx/src/dac_18xx_43xx.o
                                                  out/lib/lpc_chip_43xx/src/chip_18xx_43xx.o
                                                  out/lib/lpc_chip_43xx/src/ccan_18xx_43xx.o
                                                  out/lib/lpc_chip_43xx/src/adc_18xx_43xx.o
Chip_Clock_EnablePLL                              out/lib/lpc_chip_43xx/src/clock_18xx_43xx.o
                                                  out/lib/lpc_chip_43xx/src/chip_18xx_43xx.o
Chip_Clock_GetBaseClock                           out/lib/lpc_chip_43xx/src/clock_18xx_43xx.o
Chip_Clock_GetBaseClockOpts                       out/lib/lpc_chip_43xx/src/clock_18xx_43xx.o
Chip_Clock_GetBaseClocktHz                        out/lib/lpc_chip_43xx/src/clock_18xx_43xx.o
                                                  out/lib/lpc_chip_43xx/src/sdio_18xx_43xx.o
                                                  out/lib/lpc_chip_43xx/src/sdmmc_18xx_43xx.o
Chip_Clock_GetClockInputHz                        out/lib/lpc_chip_43xx/src/clock_18xx_43xx.o
                                                  out/lib/lpc_chip_43xx/src/chip_18xx_43xx.o
Chip_Clock_GetDividerDivisor                      out/lib/lpc_chip_43xx/src/clock_18xx_43xx.o
Chip_Clock_GetDividerSource                       out/lib/lpc_chip_43xx/src/clock_18xx_43xx.o
Chip_Clock_GetEMCRate                             out/lib/lpc_chip_43xx/src/clock_18xx_43xx.o
                                                  out/lib/lpc_chip_43xx/src/emc_18xx_43xx.o
Chip_Clock_GetMainPLLHz                           out/lib/lpc_chip_43xx/src/clock_18xx_43xx.o
Chip_Clock_GetPLLStatus                           out/lib/lpc_chip_43xx/src/clock_18xx_43xx.o
                                                  out/lib/lpc_chip_43xx/src/chip_18xx_43xx.o
Chip_Clock_GetRate                                out/lib/lpc_chip_43xx/src/clock_18xx_43xx.o
                                                  out/lib/lpc_chip_43xx/src/hsadc_18xx_43xx.o
                                                  out/lib/lpc_chip_43xx/src/ritimer_18xx_43xx.o
                                                  out/lib/lpc_chip_43xx/src/i2c_18xx_43xx.o
                                                  out/lib/lpc_chip_43xx/src/sct_pwm_18xx_43xx.o
                                                  out/lib/lpc_chip_43xx/src/stopwatch_18xx_43xx.o
                                                  out/lib/lpc_chip_43xx/src/spi_18xx_43xx.o
                                                  out/lib/lpc_chip_43xx/src/ssp_18xx_43xx.o
                                                  out/lib/lpc_chip_43xx/src/uart_18xx_43xx.o
                                                  out/lib/lpc_chip_43xx/src/i2s_18xx_43xx.o
                                                  out/lib/lpc_chip_43xx/src/i2cm_18xx_43xx.o
                                                  out/lib/lpc_chip_43xx/src/eeprom_18xx_43xx.o
                                                  out/lib/lpc_chip_43xx/src/chip_18xx_43xx.o
                                                  out/lib/lpc_chip_43xx/src/ccan_18xx_43xx.o
                                                  out/lib/lpc_chip_43xx/src/adc_18xx_43xx.o
Chip_Clock_IsBaseClockEnabled                     out/lib/lpc_chip_43xx/src/clock_18xx_43xx.o
Chip_Clock_RTCEnable                              out/lib/lpc_chip_43xx/src/clock_18xx_43xx.o
                                                  out/lib/lpc_chip_43xx/src/rtc_18xx_43xx.o
Chip_Clock_SetBaseClock                           out/lib/lpc_chip_43xx/src/clock_18xx_43xx.o
                                                  out/lib/lpc_board_ciaa_edu_4337/src/board_sysinit.o
                                                  out/lib/lpc_chip_43xx/src/chip_18xx_43xx.o
                                                  out/lib/lpc_chip_43xx/src/sysinit_18xx_43xx.o
Chip_Clock_SetDivider                             out/lib/lpc_chip_43xx/src/clock_18xx_43xx.o
                                                  out/lib/lpc_chip_43xx/src/chip_18xx_43xx.o
Chip_Clock_SetupMainPLLHz                         out/lib/lpc_chip_43xx/src/clock_18xx_43xx.o
Chip_Clock_SetupMainPLLMult                       out/lib/lpc_chip_43xx/src/clock_18xx_43xx.o
Chip_Clock_SetupPLL                               out/lib/lpc_chip_43xx/src/clock_18xx_43xx.o
                                                  out/lib/lpc_chip_43xx/src/chip_18xx_43xx.o
Chip_Clock_StartPowerDown                         out/lib/lpc_chip_43xx/src/clock_18xx_43xx.o
Chip_DAC_DeInit                                   out/lib/lpc_chip_43xx/src/dac_18xx_43xx.o
Chip_DAC_Init                                     out/lib/lpc_chip_43xx/src/dac_18xx_43xx.o
Chip_DAC_SetBias                                  out/lib/lpc_chip_43xx/src/dac_18xx_43xx.o
Chip_DAC_UpdateValue                              out/lib/lpc_chip_43xx/src/dac_18xx_43xx.o
Chip_EEPROM_EraseProgramPage                      out/lib/lpc_chip_43xx/src/eeprom_18xx_43xx.o
Chip_EEPROM_Init                                  out/lib/lpc_chip_43xx/src/eeprom_18xx_43xx.o
Chip_EEPROM_WaitForIntStatus                      out/lib/lpc_chip_43xx/src/eeprom_18xx_43xx.o
Chip_EMC_Dynamic_Enable                           out/lib/lpc_chip_43xx/src/emc_18xx_43xx.o
Chip_EMC_Dynamic_Init                             out/lib/lpc_chip_43xx/src/emc_18xx_43xx.o
Chip_EMC_Enable                                   out/lib/lpc_chip_43xx/src/emc_18xx_43xx.o
Chip_EMC_Init                                     out/lib/lpc_chip_43xx/src/emc_18xx_43xx.o
Chip_EMC_LowPowerMode                             out/lib/lpc_chip_43xx/src/emc_18xx_43xx.o
Chip_EMC_Mirror                                   out/lib/lpc_chip_43xx/src/emc_18xx_43xx.o
Chip_EMC_Static_Init                              out/lib/lpc_chip_43xx/src/emc_18xx_43xx.o
Chip_ENET_DeInit                                  out/lib/lpc_chip_43xx/src/enet_18xx_43xx.o
Chip_ENET_Init                                    out/lib/lpc_chip_43xx/src/enet_18xx_43xx.o
Chip_ENET_SetDuplex                               out/lib/lpc_chip_43xx/src/enet_18xx_43xx.o
Chip_ENET_SetSpeed                                out/lib/lpc_chip_43xx/src/enet_18xx_43xx.o
Chip_ENET_SetupMII                                out/lib/lpc_chip_43xx/src/enet_18xx_43xx.o
Chip_ENET_StartMIIRead                            out/lib/lpc_chip_43xx/src/enet_18xx_43xx.o
Chip_ENET_StartMIIWrite                           out/lib/lpc_chip_43xx/src/enet_18xx_43xx.o
Chip_EVRT_ConfigIntSrcActiveType                  out/lib/lpc_chip_43xx/src/evrt_18xx_43xx.o
Chip_EVRT_Init                                    out/lib/lpc_chip_43xx/src/evrt_18xx_43xx.o
Chip_EVRT_IsSourceInterrupting                    out/lib/lpc_chip_43xx/src/evrt_18xx_43xx.o
Chip_EVRT_SetUpIntSrc                             out/lib/lpc_chip_43xx/src/evrt_18xx_43xx.o
Chip_GPDMA_ChannelCmd                             out/lib/lpc_chip_43xx/src/gpdma_18xx_43xx.o
Chip_GPDMA_ClearIntPending                        out/lib/lpc_chip_43xx/src/gpdma_18xx_43xx.o
Chip_GPDMA_DeInit                                 out/lib/lpc_chip_43xx/src/gpdma_18xx_43xx.o
Chip_GPDMA_GetFreeChannel                         out/lib/lpc_chip_43xx/src/gpdma_18xx_43xx.o
Chip_GPDMA_Init                                   out/lib/lpc_chip_43xx/src/gpdma_18xx_43xx.o
Chip_GPDMA_InitChannelCfg                         out/lib/lpc_chip_43xx/src/gpdma_18xx_43xx.o
Chip_GPDMA_IntGetStatus                           out/lib/lpc_chip_43xx/src/gpdma_18xx_43xx.o
Chip_GPDMA_Interrupt                              out/lib/lpc_chip_43xx/src/gpdma_18xx_43xx.o
Chip_GPDMA_PrepareDescriptor                      out/lib/lpc_chip_43xx/src/gpdma_18xx_43xx.o
Chip_GPDMA_SGTransfer                             out/lib/lpc_chip_43xx/src/gpdma_18xx_43xx.o
Chip_GPDMA_Stop                                   out/lib/lpc_chip_43xx/src/gpdma_18xx_43xx.o
Chip_GPDMA_Transfer                               out/lib/lpc_chip_43xx/src/gpdma_18xx_43xx.o
Chip_GPIO_DeInit                                  out/lib/lpc_chip_43xx/src/gpio_18xx_43xx.o
Chip_GPIO_Init                                    out/lib/lpc_chip_43xx/src/gpio_18xx_43xx.o
                                                  out/lib/lpc_board_ciaa_edu_4337/src/board.o
Chip_GPIO_SetDir                                  out/lib/lpc_chip_43xx/src/gpio_18xx_43xx.o
Chip_GPIO_SetPinDIR                               out/lib/lpc_chip_43xx/src/gpio_18xx_43xx.o
Chip_GPIO_SetPortDIR                              out/lib/lpc_chip_43xx/src/gpio_18xx_43xx.o
Chip_GPIO_WriteDirBit                             out/lib/lpc_chip_43xx/src/gpio_18xx_43xx.o
Chip_HSADC_DeInit                                 out/lib/lpc_chip_43xx/src/hsadc_18xx_43xx.o
Chip_HSADC_Init                                   out/lib/lpc_chip_43xx/src/hsadc_18xx_43xx.o
Chip_HSADC_SetACDCBias                            out/lib/lpc_chip_43xx/src/hsadc_18xx_43xx.o
Chip_HSADC_SetPowerSpeed                          out/lib/lpc_chip_43xx/src/hsadc_18xx_43xx.o
Chip_HSADC_SetSpeed                               out/lib/lpc_chip_43xx/src/hsadc_18xx_43xx.o
Chip_HSADC_SetThrHighValue                        out/lib/lpc_chip_43xx/src/hsadc_18xx_43xx.o
Chip_HSADC_SetThrLowValue                         out/lib/lpc_chip_43xx/src/hsadc_18xx_43xx.o
Chip_HSADC_SetupFIFO                              out/lib/lpc_chip_43xx/src/hsadc_18xx_43xx.o
Chip_I2CM_DeInit                                  out/lib/lpc_chip_43xx/src/i2cm_18xx_43xx.o
Chip_I2CM_Init                                    out/lib/lpc_chip_43xx/src/i2cm_18xx_43xx.o
Chip_I2CM_Read                                    out/lib/lpc_chip_43xx/src/i2cm_18xx_43xx.o
Chip_I2CM_SetBusSpeed                             out/lib/lpc_chip_43xx/src/i2cm_18xx_43xx.o
Chip_I2CM_Write                                   out/lib/lpc_chip_43xx/src/i2cm_18xx_43xx.o
Chip_I2CM_Xfer                                    out/lib/lpc_chip_43xx/src/i2cm_18xx_43xx.o
Chip_I2CM_XferBlocking                            out/lib/lpc_chip_43xx/src/i2cm_18xx_43xx.o
Chip_I2CM_XferHandler                             out/lib/lpc_chip_43xx/src/i2cm_18xx_43xx.o
Chip_I2C_DeInit                                   out/lib/lpc_chip_43xx/src/i2c_18xx_43xx.o
Chip_I2C_Disable                                  out/lib/lpc_chip_43xx/src/i2c_18xx_43xx.o
Chip_I2C_EventHandler                             out/lib/lpc_chip_43xx/src/i2c_18xx_43xx.o
Chip_I2C_EventHandlerPolling                      out/lib/lpc_chip_43xx/src/i2c_18xx_43xx.o
Chip_I2C_GetClockRate                             out/lib/lpc_chip_43xx/src/i2c_18xx_43xx.o
Chip_I2C_GetMasterEventHandler                    out/lib/lpc_chip_43xx/src/i2c_18xx_43xx.o
Chip_I2C_Init                                     out/lib/lpc_chip_43xx/src/i2c_18xx_43xx.o
Chip_I2C_IsMasterActive                           out/lib/lpc_chip_43xx/src/i2c_18xx_43xx.o
Chip_I2C_IsStateChanged                           out/lib/lpc_chip_43xx/src/i2c_18xx_43xx.o
Chip_I2C_MasterCmdRead                            out/lib/lpc_chip_43xx/src/i2c_18xx_43xx.o
Chip_I2C_MasterRead                               out/lib/lpc_chip_43xx/src/i2c_18xx_43xx.o
Chip_I2C_MasterSend                               out/lib/lpc_chip_43xx/src/i2c_18xx_43xx.o
Chip_I2C_MasterStateHandler                       out/lib/lpc_chip_43xx/src/i2c_18xx_43xx.o
Chip_I2C_MasterTransfer                           out/lib/lpc_chip_43xx/src/i2c_18xx_43xx.o
Chip_I2C_SetClockRate                             out/lib/lpc_chip_43xx/src/i2c_18xx_43xx.o
Chip_I2C_SetMasterEventHandler                    out/lib/lpc_chip_43xx/src/i2c_18xx_43xx.o
Chip_I2C_SlaveSetup                               out/lib/lpc_chip_43xx/src/i2c_18xx_43xx.o
Chip_I2C_SlaveStateHandler                        out/lib/lpc_chip_43xx/src/i2c_18xx_43xx.o
Chip_I2S_DMA_RxCmd                                out/lib/lpc_chip_43xx/src/i2s_18xx_43xx.o
Chip_I2S_DMA_TxCmd                                out/lib/lpc_chip_43xx/src/i2s_18xx_43xx.o
Chip_I2S_DeInit                                   out/lib/lpc_chip_43xx/src/i2s_18xx_43xx.o
Chip_I2S_Init                                     out/lib/lpc_chip_43xx/src/i2s_18xx_43xx.o
Chip_I2S_Int_RxCmd                                out/lib/lpc_chip_43xx/src/i2s_18xx_43xx.o
Chip_I2S_Int_TxCmd                                out/lib/lpc_chip_43xx/src/i2s_18xx_43xx.o
Chip_I2S_RxConfig                                 out/lib/lpc_chip_43xx/src/i2s_18xx_43xx.o
Chip_I2S_TxConfig                                 out/lib/lpc_chip_43xx/src/i2s_18xx_43xx.o
Chip_IAP_BlankCheckSector                         out/lib/lpc_chip_43xx/src/iap_18xx_43xx.o
Chip_IAP_Compare                                  out/lib/lpc_chip_43xx/src/iap_18xx_43xx.o
Chip_IAP_CopyRamToFlash                           out/lib/lpc_chip_43xx/src/iap_18xx_43xx.o
Chip_IAP_ErasePage                                out/lib/lpc_chip_43xx/src/iap_18xx_43xx.o
Chip_IAP_EraseSector                              out/lib/lpc_chip_43xx/src/iap_18xx_43xx.o
Chip_IAP_PreSectorForReadWrite                    out/lib/lpc_chip_43xx/src/iap_18xx_43xx.o
Chip_IAP_ReadBootCode                             out/lib/lpc_chip_43xx/src/iap_18xx_43xx.o
Chip_IAP_ReadPID                                  out/lib/lpc_chip_43xx/src/iap_18xx_43xx.o
Chip_IAP_ReadUID                                  out/lib/lpc_chip_43xx/src/iap_18xx_43xx.o
Chip_IAP_ReinvokeISP                              out/lib/lpc_chip_43xx/src/iap_18xx_43xx.o
Chip_IAP_SetBootFlashBank                         out/lib/lpc_chip_43xx/src/iap_18xx_43xx.o
Chip_LCD_Cursor_Config                            out/lib/lpc_chip_43xx/src/lcd_18xx_43xx.o
Chip_LCD_Cursor_WriteImage                        out/lib/lpc_chip_43xx/src/lcd_18xx_43xx.o
Chip_LCD_DeInit                                   out/lib/lpc_chip_43xx/src/lcd_18xx_43xx.o
Chip_LCD_Init                                     out/lib/lpc_chip_43xx/src/lcd_18xx_43xx.o
Chip_LCD_LoadPalette                              out/lib/lpc_chip_43xx/src/lcd_18xx_43xx.o
Chip_OTP_GenRand                                  out/lib/lpc_chip_43xx/src/otp_18xx_43xx.o
Chip_OTP_Init                                     out/lib/lpc_chip_43xx/src/otp_18xx_43xx.o
Chip_OTP_ProgBootSrc                              out/lib/lpc_chip_43xx/src/otp_18xx_43xx.o
Chip_OTP_ProgGPWord                               out/lib/lpc_chip_43xx/src/otp_18xx_43xx.o
Chip_OTP_ProgJTAGDis                              out/lib/lpc_chip_43xx/src/otp_18xx_43xx.o
Chip_OTP_ProgKey                                  out/lib/lpc_chip_43xx/src/otp_18xx_43xx.o
Chip_OTP_ProgUSBID                                out/lib/lpc_chip_43xx/src/otp_18xx_43xx.o
Chip_PMC_Set_PwrState                             out/lib/lpc_chip_43xx/src/pmc_18xx_43xx.o
Chip_PMC_Sleep                                    out/lib/lpc_chip_43xx/src/pmc_18xx_43xx.o
Chip_RIT_DeInit                                   out/lib/lpc_chip_43xx/src/ritimer_18xx_43xx.o
Chip_RIT_GetIntStatus                             out/lib/lpc_chip_43xx/src/ritimer_18xx_43xx.o
Chip_RIT_Init                                     out/lib/lpc_chip_43xx/src/ritimer_18xx_43xx.o
Chip_RIT_SetTimerInterval                         out/lib/lpc_chip_43xx/src/ritimer_18xx_43xx.o
Chip_RTC_AlarmIntConfig                           out/lib/lpc_chip_43xx/src/rtc_18xx_43xx.o
Chip_RTC_CalibCounterCmd                          out/lib/lpc_chip_43xx/src/rtc_18xx_43xx.o
Chip_RTC_CntIncrIntConfig                         out/lib/lpc_chip_43xx/src/rtc_18xx_43xx.o
Chip_RTC_DeInit                                   out/lib/lpc_chip_43xx/src/rtc_18xx_43xx.o
Chip_RTC_EV_GetFirstTimeStamp                     out/lib/lpc_chip_43xx/src/rtc_18xx_43xx.o
Chip_RTC_EV_GetLastTimeStamp                      out/lib/lpc_chip_43xx/src/rtc_18xx_43xx.o
Chip_RTC_Enable                                   out/lib/lpc_chip_43xx/src/rtc_18xx_43xx.o
Chip_RTC_GetFullAlarmTime                         out/lib/lpc_chip_43xx/src/rtc_18xx_43xx.o
Chip_RTC_GetFullTime                              out/lib/lpc_chip_43xx/src/rtc_18xx_43xx.o
Chip_RTC_Init                                     out/lib/lpc_chip_43xx/src/rtc_18xx_43xx.o
Chip_RTC_ResetClockTickCounter                    out/lib/lpc_chip_43xx/src/rtc_18xx_43xx.o
Chip_RTC_SetFullAlarmTime                         out/lib/lpc_chip_43xx/src/rtc_18xx_43xx.o
Chip_RTC_SetFullTime                              out/lib/lpc_chip_43xx/src/rtc_18xx_43xx.o
Chip_SCTPWM_SetOutPin                             out/lib/lpc_chip_43xx/src/sct_pwm_18xx_43xx.o
Chip_SCTPWM_SetRate                               out/lib/lpc_chip_43xx/src/sct_pwm_18xx_43xx.o
Chip_SCT_DeInit                                   out/lib/lpc_chip_43xx/src/sct_18xx_43xx.o
Chip_SCT_Init                                     out/lib/lpc_chip_43xx/src/sct_18xx_43xx.o
Chip_SCT_SetClrControl                            out/lib/lpc_chip_43xx/src/sct_18xx_43xx.o
Chip_SCT_SetConflictResolution                    out/lib/lpc_chip_43xx/src/sct_18xx_43xx.o
Chip_SDIF_DeInit                                  out/lib/lpc_chip_43xx/src/sdif_18xx_43xx.o
Chip_SDIF_DmaSetup                                out/lib/lpc_chip_43xx/src/sdif_18xx_43xx.o
                                                  out/lib/lpc_chip_43xx/src/sdio_18xx_43xx.o
                                                  out/lib/lpc_chip_43xx/src/sdmmc_18xx_43xx.o
Chip_SDIF_GetResponse                             out/lib/lpc_chip_43xx/src/sdif_18xx_43xx.o
                                                  out/lib/lpc_chip_43xx/src/sdio_18xx_43xx.o
                                                  out/lib/lpc_chip_43xx/src/sdmmc_18xx_43xx.o
Chip_SDIF_Init                                    out/lib/lpc_chip_43xx/src/sdif_18xx_43xx.o
Chip_SDIF_SendCmd                                 out/lib/lpc_chip_43xx/src/sdif_18xx_43xx.o
                                                  out/lib/lpc_chip_43xx/src/sdio_18xx_43xx.o
                                                  out/lib/lpc_chip_43xx/src/sdmmc_18xx_43xx.o
Chip_SDIF_SetClearIntFifo                         out/lib/lpc_chip_43xx/src/sdif_18xx_43xx.o
                                                  out/lib/lpc_chip_43xx/src/sdmmc_18xx_43xx.o
Chip_SDIF_SetClock                                out/lib/lpc_chip_43xx/src/sdif_18xx_43xx.o
                                                  out/lib/lpc_chip_43xx/src/sdio_18xx_43xx.o
                                                  out/lib/lpc_chip_43xx/src/sdmmc_18xx_43xx.o
Chip_SDMMC_Acquire                                out/lib/lpc_chip_43xx/src/sdmmc_18xx_43xx.o
Chip_SDMMC_GetDeviceBlocks                        out/lib/lpc_chip_43xx/src/sdmmc_18xx_43xx.o
Chip_SDMMC_GetDeviceSize                          out/lib/lpc_chip_43xx/src/sdmmc_18xx_43xx.o
Chip_SDMMC_GetState                               out/lib/lpc_chip_43xx/src/sdmmc_18xx_43xx.o
Chip_SDMMC_ReadBlocks                             out/lib/lpc_chip_43xx/src/sdmmc_18xx_43xx.o
Chip_SDMMC_WriteBlocks                            out/lib/lpc_chip_43xx/src/sdmmc_18xx_43xx.o
Chip_SPI_DeInit                                   out/lib/lpc_chip_43xx/src/spi_18xx_43xx.o
Chip_SPI_Init                                     out/lib/lpc_chip_43xx/src/spi_18xx_43xx.o
Chip_SPI_Int_FlushData                            out/lib/lpc_chip_43xx/src/spi_18xx_43xx.o
Chip_SPI_Int_RWFrames                             out/lib/lpc_chip_43xx/src/spi_18xx_43xx.o
Chip_SPI_Int_RWFrames16Bits                       out/lib/lpc_chip_43xx/src/spi_18xx_43xx.o
Chip_SPI_Int_RWFrames8Bits                        out/lib/lpc_chip_43xx/src/spi_18xx_43xx.o
Chip_SPI_RWFrames_Blocking                        out/lib/lpc_chip_43xx/src/spi_18xx_43xx.o
Chip_SPI_SetBitRate                               out/lib/lpc_chip_43xx/src/spi_18xx_43xx.o
Chip_SSP_DeInit                                   out/lib/lpc_chip_43xx/src/ssp_18xx_43xx.o
Chip_SSP_Init                                     out/lib/lpc_chip_43xx/src/ssp_18xx_43xx.o
Chip_SSP_Int_FlushData                            out/lib/lpc_chip_43xx/src/ssp_18xx_43xx.o
Chip_SSP_Int_RWFrames16Bits                       out/lib/lpc_chip_43xx/src/ssp_18xx_43xx.o
Chip_SSP_Int_RWFrames8Bits                        out/lib/lpc_chip_43xx/src/ssp_18xx_43xx.o
Chip_SSP_RWFrames_Blocking                        out/lib/lpc_chip_43xx/src/ssp_18xx_43xx.o
Chip_SSP_ReadFrames_Blocking                      out/lib/lpc_chip_43xx/src/ssp_18xx_43xx.o
Chip_SSP_SetBitRate                               out/lib/lpc_chip_43xx/src/ssp_18xx_43xx.o
Chip_SSP_SetClockRate                             out/lib/lpc_chip_43xx/src/ssp_18xx_43xx.o
Chip_SSP_SetMaster                                out/lib/lpc_chip_43xx/src/ssp_18xx_43xx.o
Chip_SSP_WriteFrames_Blocking                     out/lib/lpc_chip_43xx/src/ssp_18xx_43xx.o
Chip_SetupCoreClock                               out/lib/lpc_chip_43xx/src/sysinit_18xx_43xx.o
                                                  out/lib/lpc_board_ciaa_edu_4337/src/board_sysinit.o
Chip_SetupIrcClocking                             out/lib/lpc_chip_43xx/src/sysinit_18xx_43xx.o
Chip_SetupXtalClocking                            out/lib/lpc_chip_43xx/src/sysinit_18xx_43xx.o
Chip_SystemInit                                   out/lib/lpc_chip_43xx/src/sysinit_18xx_43xx.o
Chip_TIMER_DeInit                                 out/lib/lpc_chip_43xx/src/timer_18xx_43xx.o
Chip_TIMER_ExtMatchControlSet                     out/lib/lpc_chip_43xx/src/timer_18xx_43xx.o
Chip_TIMER_Init                                   out/lib/lpc_chip_43xx/src/timer_18xx_43xx.o
                                                  out/lib/lpc_chip_43xx/src/stopwatch_18xx_43xx.o
Chip_TIMER_Reset                                  out/lib/lpc_chip_43xx/src/timer_18xx_43xx.o
Chip_UART_ABCmd                                   out/lib/lpc_chip_43xx/src/uart_18xx_43xx.o
Chip_UART_CheckBusy                               out/lib/lpc_chip_43xx/src/uart_18xx_43xx.o
Chip_UART_DeInit                                  out/lib/lpc_chip_43xx/src/uart_18xx_43xx.o
Chip_UART_GetABEOStatus                           out/lib/lpc_chip_43xx/src/uart_18xx_43xx.o
Chip_UART_IRQRBHandler                            out/lib/lpc_chip_43xx/src/uart_18xx_43xx.o
Chip_UART_Init                                    out/lib/lpc_chip_43xx/src/uart_18xx_43xx.o
                                                  out/lib/lpc_board_ciaa_edu_4337/src/board.o
Chip_UART_RXIntHandlerRB                          out/lib/lpc_chip_43xx/src/uart_18xx_43xx.o
Chip_UART_Read                                    out/lib/lpc_chip_43xx/src/uart_18xx_43xx.o
Chip_UART_ReadBlocking                            out/lib/lpc_chip_43xx/src/uart_18xx_43xx.o
Chip_UART_ReadRB                                  out/lib/lpc_chip_43xx/src/uart_18xx_43xx.o
Chip_UART_Send                                    out/lib/lpc_chip_43xx/src/uart_18xx_43xx.o
Chip_UART_SendBlocking                            out/lib/lpc_chip_43xx/src/uart_18xx_43xx.o
Chip_UART_SendRB                                  out/lib/lpc_chip_43xx/src/uart_18xx_43xx.o
Chip_UART_SetBaud                                 out/lib/lpc_chip_43xx/src/uart_18xx_43xx.o
Chip_UART_SetBaudFDR                              out/lib/lpc_chip_43xx/src/uart_18xx_43xx.o
                                                  out/lib/lpc_board_ciaa_edu_4337/src/board.o
Chip_UART_TXIntHandlerRB                          out/lib/lpc_chip_43xx/src/uart_18xx_43xx.o
Chip_USB0_Init                                    out/lib/lpc_chip_43xx/src/chip_18xx_43xx.o
Chip_USB1_Init                                    out/lib/lpc_chip_43xx/src/chip_18xx_43xx.o
Chip_WWDT_ClearStatusFlag                         out/lib/lpc_chip_43xx/src/wwdt_18xx_43xx.o
Chip_WWDT_DeInit                                  out/lib/lpc_chip_43xx/src/wwdt_18xx_43xx.o
Chip_WWDT_Init                                    out/lib/lpc_chip_43xx/src/wwdt_18xx_43xx.o
DAC_IRQHandler                                    out/lib/lpc_board_ciaa_edu_4337/src/cr_startup_lpc43xx.o
DMA_IRQHandler                                    out/lib/lpc_board_ciaa_edu_4337/src/cr_startup_lpc43xx.o
DebugMon_Handler                                  out/lib/lpc_board_ciaa_edu_4337/src/cr_startup_lpc43xx.o
ETH_IRQHandler                                    out/lib/lpc_board_ciaa_edu_4337/src/cr_startup_lpc43xx.o
EVRT_IRQHandler                                   out/lib/lpc_board_ciaa_edu_4337/src/cr_startup_lpc43xx.o
ExtRateIn                                         out/lib/lpc_board_ciaa_edu_4337/src/board.o
                                                  out/lib/lpc_chip_43xx/src/clock_18xx_43xx.o
FLASH_EEPROM_IRQHandler                           out/lib/lpc_board_ciaa_edu_4337/src/cr_startup_lpc43xx.o
GINT0_IRQHandler                                  out/lib/lpc_board_ciaa_edu_4337/src/cr_startup_lpc43xx.o
GINT1_IRQHandler                                  out/lib/lpc_board_ciaa_edu_4337/src/cr_startup_lpc43xx.o
GPIO0_IRQHandler                                  out/lib/lpc_board_ciaa_edu_4337/src/cr_startup_lpc43xx.o
GPIO1_IRQHandler                                  out/lib/lpc_board_ciaa_edu_4337/src/cr_startup_lpc43xx.o
GPIO2_IRQHandler                                  out/lib/lpc_board_ciaa_edu_4337/src/cr_startup_lpc43xx.o
GPIO3_IRQHandler                                  out/lib/lpc_board_ciaa_edu_4337/src/cr_startup_lpc43xx.o
GPIO4_IRQHandler                                  out/lib/lpc_board_ciaa_edu_4337/src/cr_startup_lpc43xx.o
GPIO5_IRQHandler                                  out/lib/lpc_board_ciaa_edu_4337/src/cr_startup_lpc43xx.o
GPIO6_IRQHandler                                  out/lib/lpc_board_ciaa_edu_4337/src/cr_startup_lpc43xx.o
GPIO7_IRQHandler                                  out/lib/lpc_board_ciaa_edu_4337/src/cr_startup_lpc43xx.o
HardFault_Handler                                 out/lib/lpc_board_ciaa_edu_4337/src/cr_startup_lpc43xx.o
I2C0_IRQHandler                                   out/lib/lpc_board_ciaa_edu_4337/src/cr_startup_lpc43xx.o
I2C1_IRQHandler                                   out/lib/lpc_board_ciaa_edu_4337/src/cr_startup_lpc43xx.o
I2S0_IRQHandler                                   out/lib/lpc_board_ciaa_edu_4337/src/cr_startup_lpc43xx.o
I2S1_IRQHandler                                   out/lib/lpc_board_ciaa_edu_4337/src/cr_startup_lpc43xx.o
IntDefaultHandler                                 out/lib/lpc_board_ciaa_edu_4337/src/cr_startup_lpc43xx.o
LCD_IRQHandler                                    out/lib/lpc_board_ciaa_edu_4337/src/cr_startup_lpc43xx.o
M0APP_IRQHandler                                  out/lib/lpc_board_ciaa_edu_4337/src/cr_startup_lpc43xx.o
M0SUB_IRQHandler                                  out/lib/lpc_board_ciaa_edu_4337/src/cr_startup_lpc43xx.o
MCPWM_IRQHandler                                  out/lib/lpc_board_ciaa_edu_4337/src/cr_startup_lpc43xx.o
MemManage_Handler                                 out/lib/lpc_board_ciaa_edu_4337/src/cr_startup_lpc43xx.o
NMI_Handler                                       out/lib/lpc_board_ciaa_edu_4337/src/cr_startup_lpc43xx.o
OscRateIn                                         out/lib/lpc_board_ciaa_edu_4337/src/board.o
                                                  out/lib/lpc_chip_43xx/src/clock_18xx_43xx.o
PendSV_Handler                                    out/lib/lpc_board_ciaa_edu_4337/src/cr_startup_lpc43xx.o
QEI_IRQHandler                                    out/lib/lpc_board_ciaa_edu_4337/src/cr_startup_lpc43xx.o
RIT_IRQHandler                                    out/lib/lpc_board_ciaa_edu_4337/src/cr_startup_lpc43xx.o
RTC_IRQHandler                                    out/lib/lpc_board_ciaa_edu_4337/src/cr_startup_lpc43xx.o
ResetISR                                          out/lib/lpc_board_ciaa_edu_4337/src/cr_startup_lpc43xx.o
RingBuffer_Init                                   out/lib/lpc_chip_43xx/src/ring_buffer.o
RingBuffer_Insert                                 out/lib/lpc_chip_43xx/src/ring_buffer.o
                                                  out/lib/lpc_chip_43xx/src/uart_18xx_43xx.o
RingBuffer_InsertMult                             out/lib/lpc_chip_43xx/src/ring_buffer.o
                                                  out/lib/lpc_chip_43xx/src/uart_18xx_43xx.o
RingBuffer_Pop                                    out/lib/lpc_chip_43xx/src/ring_buffer.o
                                                  out/lib/lpc_chip_43xx/src/uart_18xx_43xx.o
RingBuffer_PopMult                                out/lib/lpc_chip_43xx/src/ring_buffer.o
                                                  out/lib/lpc_chip_43xx/src/uart_18xx_43xx.o
SCT_IRQHandler                                    out/lib/lpc_board_ciaa_edu_4337/src/cr_startup_lpc43xx.o
SDIO_Card_DisableInt                              out/lib/lpc_chip_43xx/src/sdio_18xx_43xx.o
SDIO_Card_EnableInt                               out/lib/lpc_chip_43xx/src/sdio_18xx_43xx.o
SDIO_Card_GetBlockSize                            out/lib/lpc_chip_43xx/src/sdio_18xx_43xx.o
SDIO_Card_Init                                    out/lib/lpc_chip_43xx/src/sdio_18xx_43xx.o
SDIO_Card_ReadData                                out/lib/lpc_chip_43xx/src/sdio_18xx_43xx.o
SDIO_Card_SetBlockSize                            out/lib/lpc_chip_43xx/src/sdio_18xx_43xx.o
SDIO_Card_WriteData                               out/lib/lpc_chip_43xx/src/sdio_18xx_43xx.o
SDIO_Handler                                      out/lib/lpc_chip_43xx/src/sdio_18xx_43xx.o
SDIO_IRQHandler                                   out/lib/lpc_board_ciaa_edu_4337/src/cr_startup_lpc43xx.o
SDIO_Read_Direct                                  out/lib/lpc_chip_43xx/src/sdio_18xx_43xx.o
SDIO_Send_Command                                 out/lib/lpc_chip_43xx/src/sdio_18xx_43xx.o
SDIO_Setup_Callback                               out/lib/lpc_chip_43xx/src/sdio_18xx_43xx.o
SDIO_WriteRead_Direct                             out/lib/lpc_chip_43xx/src/sdio_18xx_43xx.o
SDIO_Write_Direct                                 out/lib/lpc_chip_43xx/src/sdio_18xx_43xx.o
SGPIO_IRQHandler                                  out/lib/lpc_board_ciaa_edu_4337/src/cr_startup_lpc43xx.o
SPIFI_IRQHandler                                  out/lib/lpc_board_ciaa_edu_4337/src/cr_startup_lpc43xx.o
SPI_IRQHandler                                    out/lib/lpc_board_ciaa_edu_4337/src/cr_startup_lpc43xx.o
SSP0_IRQHandler                                   out/lib/lpc_board_ciaa_edu_4337/src/cr_startup_lpc43xx.o
SSP1_IRQHandler                                   out/lib/lpc_board_ciaa_edu_4337/src/cr_startup_lpc43xx.o
SVC_Handler                                       out/lib/lpc_board_ciaa_edu_4337/src/cr_startup_lpc43xx.o
StopWatch_Init                                    out/lib/lpc_chip_43xx/src/stopwatch_18xx_43xx.o
StopWatch_MsToTicks                               out/lib/lpc_chip_43xx/src/stopwatch_18xx_43xx.o
StopWatch_Start                                   out/lib/lpc_chip_43xx/src/stopwatch_18xx_43xx.o
StopWatch_TicksPerSecond                          out/lib/lpc_chip_43xx/src/stopwatch_18xx_43xx.o
StopWatch_TicksToMs                               out/lib/lpc_chip_43xx/src/stopwatch_18xx_43xx.o
StopWatch_TicksToUs                               out/lib/lpc_chip_43xx/src/stopwatch_18xx_43xx.o
StopWatch_UsToTicks                               out/lib/lpc_chip_43xx/src/stopwatch_18xx_43xx.o
SysTick_Handler                                   out/lib/lpc_board_ciaa_edu_4337/src/cr_startup_lpc43xx.o
SystemCoreClock                                   out/lib/lpc_chip_43xx/src/chip_18xx_43xx.o
                                                  out/lib/lpc_chip_43xx/src/iap_18xx_43xx.o
                                                  out/lib/lpc_chip_43xx/src/enet_18xx_43xx.o
SystemCoreClockUpdate                             out/lib/lpc_chip_43xx/src/chip_18xx_43xx.o
                                                  out/app/src/main.o
SystemInit                                        out/lib/lpc_board_ciaa_edu_4337/src/sysinit.o
                                                  out/lib/lpc_board_ciaa_edu_4337/src/cr_startup_lpc43xx.o
TIMER0_IRQHandler                                 out/lib/lpc_board_ciaa_edu_4337/src/cr_startup_lpc43xx.o
TIMER1_IRQHandler                                 out/lib/lpc_board_ciaa_edu_4337/src/cr_startup_lpc43xx.o
TIMER2_IRQHandler                                 out/lib/lpc_board_ciaa_edu_4337/src/cr_startup_lpc43xx.o
TIMER3_IRQHandler                                 out/lib/lpc_board_ciaa_edu_4337/src/cr_startup_lpc43xx.o
UART0_IRQHandler                                  out/lib/lpc_board_ciaa_edu_4337/src/cr_startup_lpc43xx.o
UART1_IRQHandler                                  out/lib/lpc_board_ciaa_edu_4337/src/cr_startup_lpc43xx.o
UART2_IRQHandler                                  out/lib/lpc_board_ciaa_edu_4337/src/cr_startup_lpc43xx.o
UART3_IRQHandler                                  out/lib/lpc_board_ciaa_edu_4337/src/cr_startup_lpc43xx.o
USB0_IRQHandler                                   out/lib/lpc_board_ciaa_edu_4337/src/cr_startup_lpc43xx.o
USB1_IRQHandler                                   out/lib/lpc_board_ciaa_edu_4337/src/cr_startup_lpc43xx.o
UsageFault_Handler                                out/lib/lpc_board_ciaa_edu_4337/src/cr_startup_lpc43xx.o
WDT_IRQHandler                                    out/lib/lpc_board_ciaa_edu_4337/src/cr_startup_lpc43xx.o
_NVIC_SetPriorityGrouping                         out/lib/lpc_board_ciaa_edu_4337/src/cmsis_heper.o
_SysTick_Config                                   out/lib/lpc_board_ciaa_edu_4337/src/cmsis_heper.o
__aeabi_idiv0                                     c:/ciaa_software_1.1-win/tools/arm-none-eabi-gcc/bin/../lib/gcc/arm-none-eabi/8.2.1/thumb/v7e-m+fp/hard\libgcc.a(_dvmd_tls.o)
__aeabi_ldiv0                                     c:/ciaa_software_1.1-win/tools/arm-none-eabi-gcc/bin/../lib/gcc/arm-none-eabi/8.2.1/thumb/v7e-m+fp/hard\libgcc.a(_dvmd_tls.o)
                                                  c:/ciaa_software_1.1-win/tools/arm-none-eabi-gcc/bin/../lib/gcc/arm-none-eabi/8.2.1/thumb/v7e-m+fp/hard\libgcc.a(_aeabi_uldivmod.o)
__aeabi_uldivmod                                  c:/ciaa_software_1.1-win/tools/arm-none-eabi-gcc/bin/../lib/gcc/arm-none-eabi/8.2.1/thumb/v7e-m+fp/hard\libgcc.a(_aeabi_uldivmod.o)
                                                  out/lib/lpc_chip_43xx/src/uart_18xx_43xx.o
                                                  out/lib/lpc_chip_43xx/src/i2s_18xx_43xx.o
__bss_section_table_end                           out/lib/lpc_board_ciaa_edu_4337/src/cr_startup_lpc43xx.o
__data_section_table                              out/lib/lpc_board_ciaa_edu_4337/src/cr_startup_lpc43xx.o
__data_section_table_end                          out/lib/lpc_board_ciaa_edu_4337/src/cr_startup_lpc43xx.o
__udivmoddi4                                      c:/ciaa_software_1.1-win/tools/arm-none-eabi-gcc/bin/../lib/gcc/arm-none-eabi/8.2.1/thumb/v7e-m+fp/hard\libgcc.a(_udivmoddi4.o)
                                                  c:/ciaa_software_1.1-win/tools/arm-none-eabi-gcc/bin/../lib/gcc/arm-none-eabi/8.2.1/thumb/v7e-m+fp/hard\libgcc.a(_aeabi_uldivmod.o)
_close_r                                          out/lib/lpc_board_ciaa_edu_4337/src/system.o
_execve_r                                         out/lib/lpc_board_ciaa_edu_4337/src/system.o
_exit                                             out/lib/lpc_board_ciaa_edu_4337/src/system.o
_fcntl_r                                          out/lib/lpc_board_ciaa_edu_4337/src/system.o
_fork_r                                           out/lib/lpc_board_ciaa_edu_4337/src/system.o
_fstat_r                                          out/lib/lpc_board_ciaa_edu_4337/src/system.o
_getpid_r                                         out/lib/lpc_board_ciaa_edu_4337/src/system.o
_gettimeofday_r                                   out/lib/lpc_board_ciaa_edu_4337/src/system.o
_isatty_r                                         out/lib/lpc_board_ciaa_edu_4337/src/system.o
_kill_r                                           out/lib/lpc_board_ciaa_edu_4337/src/system.o
_link_r                                           out/lib/lpc_board_ciaa_edu_4337/src/system.o
_lseek_r                                          out/lib/lpc_board_ciaa_edu_4337/src/system.o
_mkdir_r                                          out/lib/lpc_board_ciaa_edu_4337/src/system.o
_open_r                                           out/lib/lpc_board_ciaa_edu_4337/src/system.o
_pvHeapStart                                      out/lib/lpc_board_ciaa_edu_4337/src/system.o
_read_r                                           out/lib/lpc_board_ciaa_edu_4337/src/system.o
_rename_r                                         out/lib/lpc_board_ciaa_edu_4337/src/system.o
_sbrk_r                                           out/lib/lpc_board_ciaa_edu_4337/src/system.o
_stat_r                                           out/lib/lpc_board_ciaa_edu_4337/src/system.o
_times_r                                          out/lib/lpc_board_ciaa_edu_4337/src/system.o
_unlink_r                                         out/lib/lpc_board_ciaa_edu_4337/src/system.o
_vStackTop                                        out/lib/lpc_board_ciaa_edu_4337/src/cr_startup_lpc43xx.o
_wait_r                                           out/lib/lpc_board_ciaa_edu_4337/src/system.o
_write_r                                          out/lib/lpc_board_ciaa_edu_4337/src/system.o
asmSum                                            out/app/src/suma.o
                                                  out/app/src/main.o
bss_init                                          out/lib/lpc_board_ciaa_edu_4337/src/cr_startup_lpc43xx.o
data_init                                         out/lib/lpc_board_ciaa_edu_4337/src/cr_startup_lpc43xx.o
fpuInit                                           out/lib/lpc_chip_43xx/src/fpu_init.o
                                                  out/lib/lpc_board_ciaa_edu_4337/src/sysinit.o
g_pfnVectors                                      out/lib/lpc_board_ciaa_edu_4337/src/cr_startup_lpc43xx.o
getSlaveIndex                                     out/lib/lpc_chip_43xx/src/i2c_18xx_43xx.o
handleMasterXferState                             out/lib/lpc_chip_43xx/src/i2c_18xx_43xx.o
handleSlaveXferState                              out/lib/lpc_chip_43xx/src/i2c_18xx_43xx.o
initDynMem                                        out/lib/lpc_chip_43xx/src/emc_18xx_43xx.o
initStaticMem                                     out/lib/lpc_chip_43xx/src/emc_18xx_43xx.o
main                                              out/app/src/main.o
                                                  out/lib/lpc_board_ciaa_edu_4337/src/cr_startup_lpc43xx.o
makeCtrlWord                                      out/lib/lpc_chip_43xx/src/gpdma_18xx_43xx.o
memcpy                                            c:/ciaa_software_1.1-win/tools/arm-none-eabi-gcc/bin/../lib/gcc/arm-none-eabi/8.2.1/../../../../arm-none-eabi/lib/thumb/v7e-m+fp/hard\libc_nano.a(lib_a-memcpy-stub.o)
                                                  out/lib/lpc_chip_43xx/src/ring_buffer.o
memset                                            c:/ciaa_software_1.1-win/tools/arm-none-eabi-gcc/bin/../lib/gcc/arm-none-eabi/8.2.1/../../../../arm-none-eabi/lib/thumb/v7e-m+fp/hard\libc_nano.a(lib_a-memset.o)
                                                  out/lib/lpc_chip_43xx/src/clock_18xx_43xx.o
readAdcVal                                        out/lib/lpc_chip_43xx/src/adc_18xx_43xx.o
setStartMode                                      out/lib/lpc_chip_43xx/src/adc_18xx_43xx.o
setupChannel                                      out/lib/lpc_chip_43xx/src/gpdma_18xx_43xx.o